 OL_Step_Resp_Arduino_cgxe

 Timestamp is 59e67660 (Tue Oct 17 16:30:08 2017)

 Preferred load address is 0000000180000000

 Start         Length     Name                   Class
 0001:00000000 0000a380H .text$mn                CODE
 0001:0000a380 00000012H .text$mn$00             CODE
 0001:0000a392 00000081H .text$x                 CODE
 0002:00000000 00000318H .idata$5                DATA
 0002:00000318 00000010H .00cfg                  DATA
 0002:00000328 00000008H .CRT$XCA                DATA
 0002:00000330 00000008H .CRT$XCZ                DATA
 0002:00000338 00000008H .CRT$XIA                DATA
 0002:00000340 00000008H .CRT$XIZ                DATA
 0002:00000348 00000008H .CRT$XPA                DATA
 0002:00000350 00000008H .CRT$XPZ                DATA
 0002:00000358 00000008H .CRT$XTA                DATA
 0002:00000360 00000010H .CRT$XTZ                DATA
 0002:00000370 00000884H .rdata                  DATA
 0002:00000bf4 0000022cH .rdata$zzzdbg           DATA
 0002:00000e20 00000008H .rtc$IAA                DATA
 0002:00000e28 00000008H .rtc$IZZ                DATA
 0002:00000e30 00000008H .rtc$TAA                DATA
 0002:00000e38 00000008H .rtc$TZZ                DATA
 0002:00000e40 000006c0H .xdata                  DATA
 0002:00001500 00000060H .edata                  DATA
 0002:00001560 000000c8H .idata$2                DATA
 0002:00001628 00000018H .idata$3                DATA
 0002:00001640 00000318H .idata$4                DATA
 0002:00001958 000007c8H .idata$6                DATA
 0003:00000000 00001860H .data                   DATA
 0003:00001860 000006f8H .bss                    DATA
 0004:00000000 000007bcH .pdata                  DATA
 0005:00000000 00000018H .gfids$y                DATA

  Address         Publics by Value              Rva+Base               Lib:Object

 0000:00000000       __guard_fids_count         0000000000000000     <absolute>
 0000:00000000       ___safe_se_handler_table   0000000000000000     <absolute>
 0000:00000000       __dynamic_value_reloc_table 0000000000000000     <absolute>
 0000:00000000       ___safe_se_handler_count   0000000000000000     <absolute>
 0000:00000000       __guard_longjmp_count      0000000000000000     <absolute>
 0000:00000000       __guard_iat_table          0000000000000000     <absolute>
 0000:00000000       __guard_iat_count          0000000000000000     <absolute>
 0000:00000000       __guard_fids_table         0000000000000000     <absolute>
 0000:00000000       __guard_longjmp_table      0000000000000000     <absolute>
 0000:00000100       __guard_flags              0000000000000100     <absolute>
 0000:00000000       __ImageBase                0000000180000000     <linker-defined>
 0001:00000000       cgxe_OL_Step_Resp_Arduino_method_dispatcher 0000000180001000 f   OL_Step_Resp_Arduino_cgxe.obj
 0001:000000a0       method_dispatcher_ePayuoj95JiWdmGoyRgl3F 00000001800010a0 f   m_ePayuoj95JiWdmGoyRgl3F.obj
 0001:00002260       cgxe_ePayuoj95JiWdmGoyRgl3F_BuildInfoUpdate 0000000180003260 f   m_ePayuoj95JiWdmGoyRgl3F.obj
 0001:000024a0       cgxe_ePayuoj95JiWdmGoyRgl3F_fallback_info 00000001800034a0 f   m_ePayuoj95JiWdmGoyRgl3F.obj
 0001:00002540       mexFunction                0000000180003540 f   OL_Step_Resp_Arduino_cgxe_registry.obj
 0001:00003570       _ssSetInputPortDirectFeedThroughFcn 0000000180004570 f   OL_Step_Resp_Arduino_cgxe_registry.obj
 0001:00003720       _ssGetInputPortSignalPtrsFcn 0000000180004720 f   OL_Step_Resp_Arduino_cgxe_registry.obj
 0001:00003b70       _ssGetInputPortSignalFcn   0000000180004b70 f   OL_Step_Resp_Arduino_cgxe_registry.obj
 0001:00003fc0       _ssSetInputPortReusableFcn 0000000180004fc0 f   OL_Step_Resp_Arduino_cgxe_registry.obj
 0001:000040a0       _ssSetOutputPortReusableFcn 00000001800050a0 f   OL_Step_Resp_Arduino_cgxe_registry.obj
 0001:00004180       _ssSetSymbolicDimsSupport  0000000180005180 f   OL_Step_Resp_Arduino_cgxe_registry.obj
 0001:000041f0       _ssRegisterSymbolicDimsExpr 00000001800051f0 f   OL_Step_Resp_Arduino_cgxe_registry.obj
 0001:00004270       _ssRegisterSymbolicDims    0000000180005270 f   OL_Step_Resp_Arduino_cgxe_registry.obj
 0001:00004310       _ssRegisterSymbolicDimsString 0000000180005310 f   OL_Step_Resp_Arduino_cgxe_registry.obj
 0001:00004390       _ssRegisterSymbolicDimsIntValue 0000000180005390 f   OL_Step_Resp_Arduino_cgxe_registry.obj
 0001:00004400       _ssRegisterSymbolicDimsPlus 0000000180005400 f   OL_Step_Resp_Arduino_cgxe_registry.obj
 0001:00004480       _ssRegisterSymbolicDimsMinus 0000000180005480 f   OL_Step_Resp_Arduino_cgxe_registry.obj
 0001:00004500       _ssRegisterSymbolicDimsMultiply 0000000180005500 f   OL_Step_Resp_Arduino_cgxe_registry.obj
 0001:00004580       _ssRegisterSymbolicDimsDivide 0000000180005580 f   OL_Step_Resp_Arduino_cgxe_registry.obj
 0001:00004600       _ssGetNumSymbolicDims      0000000180005600 f   OL_Step_Resp_Arduino_cgxe_registry.obj
 0001:00004670       _ssGetSymbolicDim          0000000180005670 f   OL_Step_Resp_Arduino_cgxe_registry.obj
 0001:000046f0       _ssSetInputPortSymbolicDimsId 00000001800056f0 f   OL_Step_Resp_Arduino_cgxe_registry.obj
 0001:00004760       _ssGetCompInputPortSymbolicDimsId 0000000180005760 f   OL_Step_Resp_Arduino_cgxe_registry.obj
 0001:000047d0       _ssSetCompInputPortSymbolicDimsId 00000001800057d0 f   OL_Step_Resp_Arduino_cgxe_registry.obj
 0001:00004840       _ssSetOutputPortSymbolicDimsId 0000000180005840 f   OL_Step_Resp_Arduino_cgxe_registry.obj
 0001:000048b0       _ssGetCompOutputPortSymbolicDimsId 00000001800058b0 f   OL_Step_Resp_Arduino_cgxe_registry.obj
 0001:00004920       _ssSetCompOutputPortSymbolicDimsId 0000000180005920 f   OL_Step_Resp_Arduino_cgxe_registry.obj
 0001:00004990       _ssSetCompDWorkSymbolicDimsId 0000000180005990 f   OL_Step_Resp_Arduino_cgxe_registry.obj
 0001:00004a00       ssGetIsZeroCrossControlDisabled 0000000180005a00 f   OL_Step_Resp_Arduino_cgxe_registry.obj
 0001:00004a70       ssSetIsInputPortUsedForContZcSignal 0000000180005a70 f   OL_Step_Resp_Arduino_cgxe_registry.obj
 0001:00004ae0       ssSetZcSignalIsZcElementDisc 0000000180005ae0 f   OL_Step_Resp_Arduino_cgxe_registry.obj
 0001:00004b90       ssSetZcSignalName          0000000180005b90 f   OL_Step_Resp_Arduino_cgxe_registry.obj
 0001:00004c00       ssSetZcSignalWidth         0000000180005c00 f   OL_Step_Resp_Arduino_cgxe_registry.obj
 0001:00004c70       ssSetZcSignalZcEventType   0000000180005c70 f   OL_Step_Resp_Arduino_cgxe_registry.obj
 0001:00004ce0       ssSetZcSignalType          0000000180005ce0 f   OL_Step_Resp_Arduino_cgxe_registry.obj
 0001:00004d50       ssSetZcSignalZcTol         0000000180005d50 f   OL_Step_Resp_Arduino_cgxe_registry.obj
 0001:00004dc0       ssSetZcSignalNeedsEventNotification 0000000180005dc0 f   OL_Step_Resp_Arduino_cgxe_registry.obj
 0001:00004e30       ssCreateAndAddZcSignalInfo 0000000180005e30 f   OL_Step_Resp_Arduino_cgxe_registry.obj
 0001:00004ea0       ssCloneAndAddZcSignalInfo  0000000180005ea0 f   OL_Step_Resp_Arduino_cgxe_registry.obj
 0001:00004f10       ssGetNumZcSignals          0000000180005f10 f   OL_Step_Resp_Arduino_cgxe_registry.obj
 0001:00004f80       ssGetZcSignalVector        0000000180005f80 f   OL_Step_Resp_Arduino_cgxe_registry.obj
 0001:00004ff0       ssGetZcSignalName          0000000180005ff0 f   OL_Step_Resp_Arduino_cgxe_registry.obj
 0001:00005060       ssGetZcSignalWidth         0000000180006060 f   OL_Step_Resp_Arduino_cgxe_registry.obj
 0001:000050d0       ssGetZcSignalZcEventType   00000001800060d0 f   OL_Step_Resp_Arduino_cgxe_registry.obj
 0001:00005140       ssGetZcSignalZcEvents      0000000180006140 f   OL_Step_Resp_Arduino_cgxe_registry.obj
 0001:000051b0       ssGetZcSignalType          00000001800061b0 f   OL_Step_Resp_Arduino_cgxe_registry.obj
 0001:00005220       ssGetZcSignalZcTol         0000000180006220 f   OL_Step_Resp_Arduino_cgxe_registry.obj
 0001:000052a0       ssGetZcSignalNeedsEventNotification 00000001800062a0 f   OL_Step_Resp_Arduino_cgxe_registry.obj
 0001:00005310       ssGetZcSignalIsZcElementDisc 0000000180006310 f   OL_Step_Resp_Arduino_cgxe_registry.obj
 0001:000053b0       ssGetIsInputPortElementContinuous 00000001800063b0 f   OL_Step_Resp_Arduino_cgxe_registry.obj
 0001:00005450       ssGetDTypeIdFromMxArray    0000000180006450 f   OL_Step_Resp_Arduino_cgxe_registry.obj
 0001:00005570       ssWriteRTWStr              0000000180006570 f   OL_Step_Resp_Arduino_cgxe_registry.obj
 0001:000055d0       ssWriteRTWNameValuePair    00000001800065d0 f   OL_Step_Resp_Arduino_cgxe_registry.obj
 0001:00005ad0       ssWriteRTWParamSettings    0000000180006ad0 f   OL_Step_Resp_Arduino_cgxe_registry.obj
 0001:000061c0       ssWriteRTWParameters       00000001800071c0 f   OL_Step_Resp_Arduino_cgxe_registry.obj
 0001:00006780       ssWriteRTWWorkVect         0000000180007780 f   OL_Step_Resp_Arduino_cgxe_registry.obj
 0001:00006c70       ssWriteRTWMxVectParam      0000000180007c70 f   OL_Step_Resp_Arduino_cgxe_registry.obj
 0001:00006cf0       ssWriteRTWMx2dMatParam     0000000180007cf0 f   OL_Step_Resp_Arduino_cgxe_registry.obj
 0001:00006d80       _ssSetInputPortMatrixDimensions 0000000180007d80 f   OL_Step_Resp_Arduino_cgxe_registry.obj
 0001:00006ea0       _ssSetOutputPortMatrixDimensions 0000000180007ea0 f   OL_Step_Resp_Arduino_cgxe_registry.obj
 0001:00006fc0       _ssSetInputPortVectorDimension 0000000180007fc0 f   OL_Step_Resp_Arduino_cgxe_registry.obj
 0001:00007070       _ssSetOutputPortVectorDimension 0000000180008070 f   OL_Step_Resp_Arduino_cgxe_registry.obj
 0001:00007120       ssIsRunTimeParamTunable    0000000180008120 f   OL_Step_Resp_Arduino_cgxe_registry.obj
 0001:00007190       ssGetSFuncBlockHandle      0000000180008190 f   OL_Step_Resp_Arduino_cgxe_registry.obj
 0001:00007200       _ssGetCurrentInputPortWidth 0000000180008200 f   OL_Step_Resp_Arduino_cgxe_registry.obj
 0001:00007320       _ssGetCurrentOutputPortWidth 0000000180008320 f   OL_Step_Resp_Arduino_cgxe_registry.obj
 0001:00007440       _ssGetCallSystemNumFcnCallDestinations 0000000180008440 f   OL_Step_Resp_Arduino_cgxe_registry.obj
 0001:000074b0       ssGetParameterTuningCompliance 00000001800084b0 f   OL_Step_Resp_Arduino_cgxe_registry.obj
 0001:00007520       ssWarning                  0000000180008520 f   OL_Step_Resp_Arduino_cgxe_registry.obj
 0001:00007610       _ssGetAbsTol               0000000180008610 f   OL_Step_Resp_Arduino_cgxe_registry.obj
 0001:00007680       _ssSetStateAbsTol          0000000180008680 f   OL_Step_Resp_Arduino_cgxe_registry.obj
 0001:00008d40       __local_stdio_printf_options 0000000180009d40 f i OL_Step_Resp_Arduino_cgxe_registry.obj
 0001:00008d50       _vsnprintf_l               0000000180009d50 f i OL_Step_Resp_Arduino_cgxe_registry.obj
 0001:00008dd0       _vsprintf_l                0000000180009dd0 f i OL_Step_Resp_Arduino_cgxe_registry.obj
 0001:00008e20       sprintf                    0000000180009e20 f i OL_Step_Resp_Arduino_cgxe_registry.obj
 0001:00008e70       mxGetData                  0000000180009e70 f   libmx:libmx.dll
 0001:00008e76       mxSetCell_700              0000000180009e76 f   libmx:libmx.dll
 0001:00008e7c       mxSetFieldByNumber_700     0000000180009e7c f   libmx:libmx.dll
 0001:00008e82       mxGetLogicals              0000000180009e82 f   libmx:libmx.dll
 0001:00008e88       mxCreateString             0000000180009e88 f   libmx:libmx.dll
 0001:00008e8e       mxCreateCellMatrix_700     0000000180009e8e f   libmx:libmx.dll
 0001:00008e94       mxCreateStructMatrix_700   0000000180009e94 f   libmx:libmx.dll
 0001:00008e9a       mxCalloc                   0000000180009e9a f   libmx:libmx.dll
 0001:00008ea0       mxGetM                     0000000180009ea0 f   libmx:libmx.dll
 0001:00008ea6       mxGetClassID               0000000180009ea6 f   libmx:libmx.dll
 0001:00008eac       mxIsNumeric                0000000180009eac f   libmx:libmx.dll
 0001:00008eb2       mxIsChar                   0000000180009eb2 f   libmx:libmx.dll
 0001:00008eb8       mxIsComplex                0000000180009eb8 f   libmx:libmx.dll
 0001:00008ebe       mxGetPr                    0000000180009ebe f   libmx:libmx.dll
 0001:00008ec4       mxGetN                     0000000180009ec4 f   libmx:libmx.dll
 0001:00008eca       mxSetField_700             0000000180009eca f   libmx:libmx.dll
 0001:00008ed0       mxCreateNumericMatrix_700  0000000180009ed0 f   libmx:libmx.dll
 0001:00008ed6       mxCreateDoubleMatrix_700   0000000180009ed6 f   libmx:libmx.dll
 0001:00008edc       mxGetString_700            0000000180009edc f   libmx:libmx.dll
 0001:00008ee2       mexErrMsgTxt               0000000180009ee2 f   libmex:libmex.dll
 0001:00008ee8       mexWarnMsgTxt              0000000180009ee8 f   libmex:libmex.dll
 0001:00008eee       mexPrintf                  0000000180009eee f   libmex:libmex.dll
 0001:00008ef4       mexCallMATLABWithObject    0000000180009ef4 f   libmex:libmex.dll
 0001:00008efa       mexUnlock                  0000000180009efa f   libmex:libmex.dll
 0001:00008f00       mexIsLocked                0000000180009f00 f   libmex:libmex.dll
 0001:00008f06       emlrtAlias                 0000000180009f06 f   libemlrt:libemlrt.dll
 0001:00008f0c       emlrtAssign                0000000180009f0c f   libemlrt:libemlrt.dll
 0001:00008f12       emlrtAssignP               0000000180009f12 f   libemlrt:libemlrt.dll
 0001:00008f18       emlrtCreateStructMatrix    0000000180009f18 f   libemlrt:libemlrt.dll
 0001:00008f1e       emlrtCreateStructArray     0000000180009f1e f   libemlrt:libemlrt.dll
 0001:00008f24       emlrtAddField              0000000180009f24 f   libemlrt:libemlrt.dll
 0001:00008f2a       emlrtGetFieldR2013a        0000000180009f2a f   libemlrt:libemlrt.dll
 0001:00008f30       emlrtCreateCellMatrix      0000000180009f30 f   libemlrt:libemlrt.dll
 0001:00008f36       emlrtSetCell               0000000180009f36 f   libemlrt:libemlrt.dll
 0001:00008f3c       emlrtGetCell               0000000180009f3c f   libemlrt:libemlrt.dll
 0001:00008f42       emlrtCreateNumericMatrix   0000000180009f42 f   libemlrt:libemlrt.dll
 0001:00008f48       emlrtCreateNumericArray    0000000180009f48 f   libemlrt:libemlrt.dll
 0001:00008f4e       emlrtCreateLogicalScalar   0000000180009f4e f   libemlrt:libemlrt.dll
 0001:00008f54       emlrtCreateCharArray       0000000180009f54 f   libemlrt:libemlrt.dll
 0001:00008f5a       emlrtDestroyArray          0000000180009f5a f   libemlrt:libemlrt.dll
 0001:00008f60       emlrtCallMATLABR2012b      0000000180009f60 f   libemlrt:libemlrt.dll
 0001:00008f66       emlrtInitCharArrayR2013a   0000000180009f66 f   libemlrt:libemlrt.dll
 0001:00008f6c       emlrtCheckBuiltInR2012b    0000000180009f6c f   libemlrt:libemlrt.dll
 0001:00008f72       emlrtCheckStructR2012b     0000000180009f72 f   libemlrt:libemlrt.dll
 0001:00008f78       cgxertGetInputPortSignal   0000000180009f78 f   libmwcgxert:libmwcgxert.dll
 0001:00008f7e       cgxertGetRuntimeInstance   0000000180009f7e f   libmwcgxert:libmwcgxert.dll
 0001:00008f84       cgxertSetRuntimeInstance   0000000180009f84 f   libmwcgxert:libmwcgxert.dll
 0001:00008f8a       cgxertGetEMLRTCtx          0000000180009f8a f   libmwcgxert:libmwcgxert.dll
 0001:00008f90       cgxertGetCovrtInstance     0000000180009f90 f   libmwcgxert:libmwcgxert.dll
 0001:00008f98       __GSHandlerCheck           0000000180009f98 f   MSVCRT:_gshandler_.obj
 0001:00008fb8       __GSHandlerCheckCommon     0000000180009fb8 f   MSVCRT:_gshandler_.obj
 0001:00009030       __security_check_cookie    000000018000a030 f   MSVCRT:_amdsecgs_.obj
 0001:00009054       __raise_securityfailure    000000018000a054 f   MSVCRT:gs_report.obj
 0001:00009088       __report_gsfailure         000000018000a088 f   MSVCRT:gs_report.obj
 0001:0000915c       __report_rangecheckfailure 000000018000a15c f   MSVCRT:gs_report.obj
 0001:00009170       __report_securityfailure   000000018000a170 f   MSVCRT:gs_report.obj
 0001:0000920c       __report_securityfailureEx 000000018000a20c f   MSVCRT:gs_report.obj
 0001:0000974c       _CRT_INIT                  000000018000a74c f   MSVCRT:dll_dllmain.obj
 0001:00009754       _DllMainCRTStartup         000000018000a754 f   MSVCRT:dll_dllmain.obj
 0001:00009794       ??$__crt_fast_decode_pointer@PEAP6AXXZ@@YAPEAP6AXXZQEAP6AXXZ@Z 000000018000a794 f i MSVCRT:utility.obj
 0001:000097ac       ??$__crt_fast_encode_pointer@PEAP6AXXZ@@YAPEAP6AXXZQEAP6AXXZ@Z 000000018000a7ac f i MSVCRT:utility.obj
 0001:000097cc       ?__crt_rotate_pointer_value@@YA_K_KH@Z 000000018000a7cc f i MSVCRT:utility.obj
 0001:000097d8       ?configure_argv@__scrt_narrow_argv_policy@@SAHXZ 000000018000a7d8 f i MSVCRT:utility.obj
 0001:00009868       NtCurrentTeb               000000018000a868 f i MSVCRT:utility.obj
 0001:00009874       __scrt_acquire_startup_lock 000000018000a874 f   MSVCRT:utility.obj
 0001:000098b0       __scrt_dllmain_after_initialize_c 000000018000a8b0 f   MSVCRT:utility.obj
 0001:000098e4       __scrt_dllmain_before_initialize_c 000000018000a8e4 f   MSVCRT:utility.obj
 0001:000098fc       __scrt_dllmain_crt_thread_attach 000000018000a8fc f   MSVCRT:utility.obj
 0001:00009924       __scrt_dllmain_crt_thread_detach 000000018000a924 f   MSVCRT:utility.obj
 0001:0000993c       __scrt_dllmain_exception_filter 000000018000a93c f   MSVCRT:utility.obj
 0001:000099a0       __scrt_dllmain_uninitialize_c 000000018000a9a0 f   MSVCRT:utility.obj
 0001:000099d0       __scrt_dllmain_uninitialize_critical 000000018000a9d0 f   MSVCRT:utility.obj
 0001:000099e4       __scrt_initialize_crt      000000018000a9e4 f   MSVCRT:utility.obj
 0001:00009a30       __scrt_initialize_onexit_tables 000000018000aa30 f   MSVCRT:utility.obj
 0001:00009afc       __scrt_is_nonwritable_in_current_image 000000018000aafc f   MSVCRT:utility.obj
 0001:00009b98       __scrt_release_startup_lock 000000018000ab98 f   MSVCRT:utility.obj
 0001:00009bbc       __scrt_uninitialize_crt    000000018000abbc f   MSVCRT:utility.obj
 0001:00009be8       _onexit                    000000018000abe8 f   MSVCRT:utility.obj
 0001:00009c38       at_quick_exit              000000018000ac38 f   MSVCRT:utility.obj
 0001:00009c70       atexit                     000000018000ac70 f   MSVCRT:utility.obj
 0001:00009c88       __security_init_cookie     000000018000ac88 f   MSVCRT:gs_support.obj
 0001:00009d34       DllMain                    000000018000ad34 f   MSVCRT:dll_dllmain_stub.obj
 0001:00009d58       ?__scrt_initialize_type_info@@YAXXZ 000000018000ad58 f   MSVCRT:tncleanup.obj
 0001:00009d68       ?__scrt_uninitialize_type_info@@YAXXZ 000000018000ad68 f   MSVCRT:tncleanup.obj
 0001:00009d74       __local_stdio_scanf_options 000000018000ad74 f i MSVCRT:default_local_stdio_options.obj
 0001:00009d7c       __scrt_initialize_default_local_stdio_options 000000018000ad7c f   MSVCRT:default_local_stdio_options.obj
 0001:00009d98       __scrt_get_dyn_tls_init_callback 000000018000ad98 f   MSVCRT:dyn_tls_init.obj
 0001:00009da0       __crt_debugger_hook        000000018000ada0 f   MSVCRT:utility_desktop.obj
 0001:00009da8       __scrt_fastfail            000000018000ada8 f   MSVCRT:utility_desktop.obj
 0001:00009ef0       __scrt_get_show_window_mode 000000018000aef0 f   MSVCRT:utility_desktop.obj
 0001:00009f2c       __scrt_initialize_winrt    000000018000af2c f   MSVCRT:utility_desktop.obj
 0001:00009f30       __scrt_is_managed_app      000000018000af30 f   MSVCRT:utility_desktop.obj
 0001:00009f84       __scrt_set_unhandled_exception_filter 000000018000af84 f   MSVCRT:utility_desktop.obj
 0001:00009f94       __scrt_unhandled_exception_filter 000000018000af94 f   MSVCRT:utility_desktop.obj
 0001:00009fcc       _RTC_Initialize            000000018000afcc f   MSVCRT:_initsect_.obj
 0001:0000a018       _RTC_Terminate             000000018000b018 f   MSVCRT:_initsect_.obj
 0001:0000a064       _guard_check_icall         000000018000b064 f i MSVCRT:checkcfg.obj
 0001:0000a06c       __isa_available_init       000000018000b06c f   MSVCRT:_cpu_disp_.obj
 0001:0000a234       _get_startup_argv_mode     000000018000b234 f   MSVCRT:argv_mode.obj
 0001:0000a23c       __scrt_is_ucrt_dll_in_use  000000018000b23c f   MSVCRT:ucrt_detection.obj
 0001:0000a248       _guard_check_icall_nop     000000018000b248 f i MSVCRT:guard_support.obj
 0001:0000a24c       _guard_icall_checks_enforced 000000018000b24c f i MSVCRT:guard_support.obj
 0001:0000a270       RtlCaptureContext          000000018000b270 f   kernel32:KERNEL32.dll
 0001:0000a276       RtlLookupFunctionEntry     000000018000b276 f   kernel32:KERNEL32.dll
 0001:0000a27c       RtlVirtualUnwind           000000018000b27c f   kernel32:KERNEL32.dll
 0001:0000a282       UnhandledExceptionFilter   000000018000b282 f   kernel32:KERNEL32.dll
 0001:0000a288       SetUnhandledExceptionFilter 000000018000b288 f   kernel32:KERNEL32.dll
 0001:0000a28e       GetCurrentProcess          000000018000b28e f   kernel32:KERNEL32.dll
 0001:0000a294       TerminateProcess           000000018000b294 f   kernel32:KERNEL32.dll
 0001:0000a29a       IsProcessorFeaturePresent  000000018000b29a f   kernel32:KERNEL32.dll
 0001:0000a2a0       QueryPerformanceCounter    000000018000b2a0 f   kernel32:KERNEL32.dll
 0001:0000a2a6       GetCurrentProcessId        000000018000b2a6 f   kernel32:KERNEL32.dll
 0001:0000a2ac       GetCurrentThreadId         000000018000b2ac f   kernel32:KERNEL32.dll
 0001:0000a2b2       GetSystemTimeAsFileTime    000000018000b2b2 f   kernel32:KERNEL32.dll
 0001:0000a2b8       DisableThreadLibraryCalls  000000018000b2b8 f   kernel32:KERNEL32.dll
 0001:0000a2be       InitializeSListHead        000000018000b2be f   kernel32:KERNEL32.dll
 0001:0000a2c4       IsDebuggerPresent          000000018000b2c4 f   kernel32:KERNEL32.dll
 0001:0000a2ca       GetStartupInfoW            000000018000b2ca f   kernel32:KERNEL32.dll
 0001:0000a2d0       GetModuleHandleW           000000018000b2d0 f   kernel32:KERNEL32.dll
 0001:0000a2d6       memcpy                     000000018000b2d6 f   vcruntime:VCRUNTIME140.dll
 0001:0000a2dc       __C_specific_handler       000000018000b2dc f   vcruntime:VCRUNTIME140.dll
 0001:0000a2e2       __std_type_info_destroy_list 000000018000b2e2 f   vcruntime:VCRUNTIME140.dll
 0001:0000a2e8       memset                     000000018000b2e8 f   vcruntime:VCRUNTIME140.dll
 0001:0000a2ee       calloc                     000000018000b2ee f   ucrt:api-ms-win-crt-heap-l1-1-0.dll
 0001:0000a2f4       free                       000000018000b2f4 f   ucrt:api-ms-win-crt-heap-l1-1-0.dll
 0001:0000a2fa       strcat                     000000018000b2fa f   ucrt:api-ms-win-crt-string-l1-1-0.dll
 0001:0000a300       strcmp                     000000018000b300 f   ucrt:api-ms-win-crt-string-l1-1-0.dll
 0001:0000a306       strlen                     000000018000b306 f   ucrt:api-ms-win-crt-string-l1-1-0.dll
 0001:0000a30c       __stdio_common_vsprintf    000000018000b30c f   ucrt:api-ms-win-crt-stdio-l1-1-0.dll
 0001:0000a312       malloc                     000000018000b312 f   ucrt:api-ms-win-crt-heap-l1-1-0.dll
 0001:0000a318       _initterm                  000000018000b318 f   ucrt:api-ms-win-crt-runtime-l1-1-0.dll
 0001:0000a31e       _initterm_e                000000018000b31e f   ucrt:api-ms-win-crt-runtime-l1-1-0.dll
 0001:0000a324       _seh_filter_dll            000000018000b324 f   ucrt:api-ms-win-crt-runtime-l1-1-0.dll
 0001:0000a32a       _configure_narrow_argv     000000018000b32a f   ucrt:api-ms-win-crt-runtime-l1-1-0.dll
 0001:0000a330       _initialize_narrow_environment 000000018000b330 f   ucrt:api-ms-win-crt-runtime-l1-1-0.dll
 0001:0000a336       _initialize_onexit_table   000000018000b336 f   ucrt:api-ms-win-crt-runtime-l1-1-0.dll
 0001:0000a33c       _register_onexit_function  000000018000b33c f   ucrt:api-ms-win-crt-runtime-l1-1-0.dll
 0001:0000a342       _execute_onexit_table      000000018000b342 f   ucrt:api-ms-win-crt-runtime-l1-1-0.dll
 0001:0000a348       _crt_atexit                000000018000b348 f   ucrt:api-ms-win-crt-runtime-l1-1-0.dll
 0001:0000a34e       _crt_at_quick_exit         000000018000b34e f   ucrt:api-ms-win-crt-runtime-l1-1-0.dll
 0001:0000a354       _cexit                     000000018000b354 f   ucrt:api-ms-win-crt-runtime-l1-1-0.dll
 0001:0000a35a       terminate                  000000018000b35a f   ucrt:api-ms-win-crt-runtime-l1-1-0.dll
 0001:0000a360       __acrt_initialize          000000018000b360 f   MSVCRT:ucrt_stubs.obj
 0001:0000a360       __vcrt_initialize          000000018000b360 f   MSVCRT:ucrt_stubs.obj
 0001:0000a360       __scrt_stub_for_acrt_initialize 000000018000b360 f   MSVCRT:ucrt_stubs.obj
 0001:0000a364       __vcrt_thread_attach       000000018000b364 f   MSVCRT:ucrt_stubs.obj
 0001:0000a364       __scrt_stub_for_acrt_thread_attach 000000018000b364 f   MSVCRT:ucrt_stubs.obj
 0001:0000a364       __acrt_thread_attach       000000018000b364 f   MSVCRT:ucrt_stubs.obj
 0001:0000a368       __vcrt_thread_detach       000000018000b368 f   MSVCRT:ucrt_stubs.obj
 0001:0000a368       __scrt_stub_for_acrt_thread_detach 000000018000b368 f   MSVCRT:ucrt_stubs.obj
 0001:0000a368       __acrt_thread_detach       000000018000b368 f   MSVCRT:ucrt_stubs.obj
 0001:0000a36c       __scrt_stub_for_acrt_uninitialize 000000018000b36c f   MSVCRT:ucrt_stubs.obj
 0001:0000a36c       __vcrt_uninitialize        000000018000b36c f   MSVCRT:ucrt_stubs.obj
 0001:0000a36c       __acrt_uninitialize        000000018000b36c f   MSVCRT:ucrt_stubs.obj
 0001:0000a370       __scrt_stub_for_acrt_uninitialize_critical 000000018000b370 f   MSVCRT:ucrt_stubs.obj
 0001:0000a370       __acrt_uninitialize_critical 000000018000b370 f   MSVCRT:ucrt_stubs.obj
 0001:0000a370       __vcrt_uninitialize_critical 000000018000b370 f   MSVCRT:ucrt_stubs.obj
 0001:0000a374       __scrt_stub_for_is_c_termination_complete 000000018000b374 f   MSVCRT:ucrt_stubs.obj
 0001:0000a374       _is_c_termination_complete 000000018000b374 f   MSVCRT:ucrt_stubs.obj
 0001:0000a390       _guard_dispatch_icall_nop  000000018000b390 f   MSVCRT:_guard_dispatch_.obj
 0002:00000000       __imp_RtlCaptureContext    000000018000c000     kernel32:KERNEL32.dll
 0002:00000008       __imp_RtlLookupFunctionEntry 000000018000c008     kernel32:KERNEL32.dll
 0002:00000010       __imp_RtlVirtualUnwind     000000018000c010     kernel32:KERNEL32.dll
 0002:00000018       __imp_UnhandledExceptionFilter 000000018000c018     kernel32:KERNEL32.dll
 0002:00000020       __imp_SetUnhandledExceptionFilter 000000018000c020     kernel32:KERNEL32.dll
 0002:00000028       __imp_GetCurrentProcess    000000018000c028     kernel32:KERNEL32.dll
 0002:00000030       __imp_TerminateProcess     000000018000c030     kernel32:KERNEL32.dll
 0002:00000038       __imp_IsProcessorFeaturePresent 000000018000c038     kernel32:KERNEL32.dll
 0002:00000040       __imp_QueryPerformanceCounter 000000018000c040     kernel32:KERNEL32.dll
 0002:00000048       __imp_GetCurrentProcessId  000000018000c048     kernel32:KERNEL32.dll
 0002:00000050       __imp_GetCurrentThreadId   000000018000c050     kernel32:KERNEL32.dll
 0002:00000058       __imp_GetSystemTimeAsFileTime 000000018000c058     kernel32:KERNEL32.dll
 0002:00000060       __imp_DisableThreadLibraryCalls 000000018000c060     kernel32:KERNEL32.dll
 0002:00000068       __imp_InitializeSListHead  000000018000c068     kernel32:KERNEL32.dll
 0002:00000070       __imp_IsDebuggerPresent    000000018000c070     kernel32:KERNEL32.dll
 0002:00000078       __imp_GetStartupInfoW      000000018000c078     kernel32:KERNEL32.dll
 0002:00000080       __imp_GetModuleHandleW     000000018000c080     kernel32:KERNEL32.dll
 0002:00000088       \177KERNEL32_NULL_THUNK_DATA 000000018000c088     kernel32:KERNEL32.dll
 0002:00000090       __imp_memcpy               000000018000c090     vcruntime:VCRUNTIME140.dll
 0002:00000098       __imp___C_specific_handler 000000018000c098     vcruntime:VCRUNTIME140.dll
 0002:000000a0       __imp___std_type_info_destroy_list 000000018000c0a0     vcruntime:VCRUNTIME140.dll
 0002:000000a8       __imp_memset               000000018000c0a8     vcruntime:VCRUNTIME140.dll
 0002:000000b0       \177VCRUNTIME140_NULL_THUNK_DATA 000000018000c0b0     vcruntime:VCRUNTIME140.dll
 0002:000000b8       __imp_free                 000000018000c0b8     ucrt:api-ms-win-crt-heap-l1-1-0.dll
 0002:000000c0       __imp_malloc               000000018000c0c0     ucrt:api-ms-win-crt-heap-l1-1-0.dll
 0002:000000c8       __imp_calloc               000000018000c0c8     ucrt:api-ms-win-crt-heap-l1-1-0.dll
 0002:000000d0       \177api-ms-win-crt-heap-l1-1-0_NULL_THUNK_DATA 000000018000c0d0     ucrt:api-ms-win-crt-heap-l1-1-0.dll
 0002:000000d8       __imp__cexit               000000018000c0d8     ucrt:api-ms-win-crt-runtime-l1-1-0.dll
 0002:000000e0       __imp_terminate            000000018000c0e0     ucrt:api-ms-win-crt-runtime-l1-1-0.dll
 0002:000000e8       __imp__initterm            000000018000c0e8     ucrt:api-ms-win-crt-runtime-l1-1-0.dll
 0002:000000f0       __imp__initterm_e          000000018000c0f0     ucrt:api-ms-win-crt-runtime-l1-1-0.dll
 0002:000000f8       __imp__seh_filter_dll      000000018000c0f8     ucrt:api-ms-win-crt-runtime-l1-1-0.dll
 0002:00000100       __imp__configure_narrow_argv 000000018000c100     ucrt:api-ms-win-crt-runtime-l1-1-0.dll
 0002:00000108       __imp__initialize_narrow_environment 000000018000c108     ucrt:api-ms-win-crt-runtime-l1-1-0.dll
 0002:00000110       __imp__initialize_onexit_table 000000018000c110     ucrt:api-ms-win-crt-runtime-l1-1-0.dll
 0002:00000118       __imp__register_onexit_function 000000018000c118     ucrt:api-ms-win-crt-runtime-l1-1-0.dll
 0002:00000120       __imp__execute_onexit_table 000000018000c120     ucrt:api-ms-win-crt-runtime-l1-1-0.dll
 0002:00000128       __imp__crt_atexit          000000018000c128     ucrt:api-ms-win-crt-runtime-l1-1-0.dll
 0002:00000130       __imp__crt_at_quick_exit   000000018000c130     ucrt:api-ms-win-crt-runtime-l1-1-0.dll
 0002:00000138       \177api-ms-win-crt-runtime-l1-1-0_NULL_THUNK_DATA 000000018000c138     ucrt:api-ms-win-crt-runtime-l1-1-0.dll
 0002:00000140       __imp___stdio_common_vsprintf 000000018000c140     ucrt:api-ms-win-crt-stdio-l1-1-0.dll
 0002:00000148       \177api-ms-win-crt-stdio-l1-1-0_NULL_THUNK_DATA 000000018000c148     ucrt:api-ms-win-crt-stdio-l1-1-0.dll
 0002:00000150       __imp_strcmp               000000018000c150     ucrt:api-ms-win-crt-string-l1-1-0.dll
 0002:00000158       __imp_strlen               000000018000c158     ucrt:api-ms-win-crt-string-l1-1-0.dll
 0002:00000160       __imp_strcat               000000018000c160     ucrt:api-ms-win-crt-string-l1-1-0.dll
 0002:00000168       \177api-ms-win-crt-string-l1-1-0_NULL_THUNK_DATA 000000018000c168     ucrt:api-ms-win-crt-string-l1-1-0.dll
 0002:00000170       __imp_emlrtAlias           000000018000c170     libemlrt:libemlrt.dll
 0002:00000178       __imp_emlrtAssign          000000018000c178     libemlrt:libemlrt.dll
 0002:00000180       __imp_emlrtAssignP         000000018000c180     libemlrt:libemlrt.dll
 0002:00000188       __imp_emlrtCreateStructMatrix 000000018000c188     libemlrt:libemlrt.dll
 0002:00000190       __imp_emlrtCreateStructArray 000000018000c190     libemlrt:libemlrt.dll
 0002:00000198       __imp_emlrtAddField        000000018000c198     libemlrt:libemlrt.dll
 0002:000001a0       __imp_emlrtCheckStructR2012b 000000018000c1a0     libemlrt:libemlrt.dll
 0002:000001a8       __imp_emlrtCheckBuiltInR2012b 000000018000c1a8     libemlrt:libemlrt.dll
 0002:000001b0       __imp_emlrtInitCharArrayR2013a 000000018000c1b0     libemlrt:libemlrt.dll
 0002:000001b8       __imp_emlrtCallMATLABR2012b 000000018000c1b8     libemlrt:libemlrt.dll
 0002:000001c0       __imp_emlrtDestroyArray    000000018000c1c0     libemlrt:libemlrt.dll
 0002:000001c8       __imp_emlrtCreateCharArray 000000018000c1c8     libemlrt:libemlrt.dll
 0002:000001d0       __imp_emlrtCreateNumericArray 000000018000c1d0     libemlrt:libemlrt.dll
 0002:000001d8       __imp_emlrtCreateNumericMatrix 000000018000c1d8     libemlrt:libemlrt.dll
 0002:000001e0       __imp_emlrtGetCell         000000018000c1e0     libemlrt:libemlrt.dll
 0002:000001e8       __imp_emlrtSetCell         000000018000c1e8     libemlrt:libemlrt.dll
 0002:000001f0       __imp_emlrtCreateCellMatrix 000000018000c1f0     libemlrt:libemlrt.dll
 0002:000001f8       __imp_emlrtGetFieldR2013a  000000018000c1f8     libemlrt:libemlrt.dll
 0002:00000200       __imp_emlrtCreateLogicalScalar 000000018000c200     libemlrt:libemlrt.dll
 0002:00000208       \177libemlrt_NULL_THUNK_DATA 000000018000c208     libemlrt:libemlrt.dll
 0002:00000210       __imp_mexErrMsgTxt         000000018000c210     libmex:libmex.dll
 0002:00000218       __imp_mexWarnMsgTxt        000000018000c218     libmex:libmex.dll
 0002:00000220       __imp_mexPrintf            000000018000c220     libmex:libmex.dll
 0002:00000228       __imp_mexCallMATLABWithObject 000000018000c228     libmex:libmex.dll
 0002:00000230       __imp_mexUnlock            000000018000c230     libmex:libmex.dll
 0002:00000238       __imp_mexIsLocked          000000018000c238     libmex:libmex.dll
 0002:00000240       \177libmex_NULL_THUNK_DATA 000000018000c240     libmex:libmex.dll
 0002:00000248       __imp_cgxertGetRuntimeInstance 000000018000c248     libmwcgxert:libmwcgxert.dll
 0002:00000250       __imp_cgxertSetRuntimeInstance 000000018000c250     libmwcgxert:libmwcgxert.dll
 0002:00000258       __imp_cgxertGetEMLRTCtx    000000018000c258     libmwcgxert:libmwcgxert.dll
 0002:00000260       __imp_cgxertGetCovrtInstance 000000018000c260     libmwcgxert:libmwcgxert.dll
 0002:00000268       __imp_cgxertGetInputPortSignal 000000018000c268     libmwcgxert:libmwcgxert.dll
 0002:00000270       \177libmwcgxert_NULL_THUNK_DATA 000000018000c270     libmwcgxert:libmwcgxert.dll
 0002:00000278       __imp_mxGetString_700      000000018000c278     libmx:libmx.dll
 0002:00000280       __imp_mxCreateDoubleMatrix_700 000000018000c280     libmx:libmx.dll
 0002:00000288       __imp_mxCreateNumericMatrix_700 000000018000c288     libmx:libmx.dll
 0002:00000290       __imp_mxSetField_700       000000018000c290     libmx:libmx.dll
 0002:00000298       __imp_mxGetN               000000018000c298     libmx:libmx.dll
 0002:000002a0       __imp_mxGetPr              000000018000c2a0     libmx:libmx.dll
 0002:000002a8       __imp_mxIsComplex          000000018000c2a8     libmx:libmx.dll
 0002:000002b0       __imp_mxIsChar             000000018000c2b0     libmx:libmx.dll
 0002:000002b8       __imp_mxIsNumeric          000000018000c2b8     libmx:libmx.dll
 0002:000002c0       __imp_mxGetClassID         000000018000c2c0     libmx:libmx.dll
 0002:000002c8       __imp_mxGetM               000000018000c2c8     libmx:libmx.dll
 0002:000002d0       __imp_mxCalloc             000000018000c2d0     libmx:libmx.dll
 0002:000002d8       __imp_mxCreateStructMatrix_700 000000018000c2d8     libmx:libmx.dll
 0002:000002e0       __imp_mxCreateCellMatrix_700 000000018000c2e0     libmx:libmx.dll
 0002:000002e8       __imp_mxCreateString       000000018000c2e8     libmx:libmx.dll
 0002:000002f0       __imp_mxGetLogicals        000000018000c2f0     libmx:libmx.dll
 0002:000002f8       __imp_mxSetFieldByNumber_700 000000018000c2f8     libmx:libmx.dll
 0002:00000300       __imp_mxSetCell_700        000000018000c300     libmx:libmx.dll
 0002:00000308       __imp_mxGetData            000000018000c308     libmx:libmx.dll
 0002:00000310       \177libmx_NULL_THUNK_DATA  000000018000c310     libmx:libmx.dll
 0002:00000318       __guard_check_icall_fptr   000000018000c318     MSVCRT:guard_support.obj
 0002:00000320       __guard_dispatch_icall_fptr 000000018000c320     MSVCRT:guard_support.obj
 0002:00000328       __xc_a                     000000018000c328     MSVCRT:initializers.obj
 0002:00000330       __xc_z                     000000018000c330     MSVCRT:initializers.obj
 0002:00000338       __xi_a                     000000018000c338     MSVCRT:initializers.obj
 0002:00000340       __xi_z                     000000018000c340     MSVCRT:initializers.obj
 0002:00000348       __xp_a                     000000018000c348     MSVCRT:initializers.obj
 0002:00000350       __xp_z                     000000018000c350     MSVCRT:initializers.obj
 0002:00000358       __xt_a                     000000018000c358     MSVCRT:initializers.obj
 0002:00000360       __xt_z                     000000018000c360     MSVCRT:initializers.obj
 0002:00000420       DYNAMIC_DIMENSION_DEF      000000018000c420     OL_Step_Resp_Arduino_cgxe_registry.obj
 0002:00000440       _ssBadLevel2InputAccessMsg 000000018000c440     OL_Step_Resp_Arduino_cgxe_registry.obj
 0002:000005d0       _ssBadLevel2ReusableInputAccessMsg 000000018000c5d0     OL_Step_Resp_Arduino_cgxe_registry.obj
 0002:000006d0       _ssBadLevel2DirectFeedMsg  000000018000c6d0     OL_Step_Resp_Arduino_cgxe_registry.obj
 0002:00000810       _ssBadLevel2DirectFeedSolutionMsg 000000018000c810     OL_Step_Resp_Arduino_cgxe_registry.obj
 0002:00000880       _ssBadLevel2ZeroDirectFeedMsg 000000018000c880     OL_Step_Resp_Arduino_cgxe_registry.obj
 0002:000009c0       _ssBadLevel2ZeroDirectFeedMsg2 000000018000c9c0     OL_Step_Resp_Arduino_cgxe_registry.obj
 0002:00000aa8       __real@0000000000000000    000000018000caa8     OL_Step_Resp_Arduino_cgxe_registry.obj
 0002:00000ab0       __real@41602cbca0000000    000000018000cab0     OL_Step_Resp_Arduino_cgxe_registry.obj
 0002:00000ab8       __real@41cac8c496800000    000000018000cab8     OL_Step_Resp_Arduino_cgxe_registry.obj
 0002:00000ac0       __real@41cd8ca9e5000000    000000018000cac0     OL_Step_Resp_Arduino_cgxe_registry.obj
 0002:00000ac8       __real@41d59891a4800000    000000018000cac8     OL_Step_Resp_Arduino_cgxe_registry.obj
 0002:00000ad0       __real@41d67f884e400000    000000018000cad0     OL_Step_Resp_Arduino_cgxe_registry.obj
 0002:00000ad8       __real@41d6e4f179c00000    000000018000cad8     OL_Step_Resp_Arduino_cgxe_registry.obj
 0002:00000ae0       __real@41da6cc066800000    000000018000cae0     OL_Step_Resp_Arduino_cgxe_registry.obj
 0002:00000ae8       __real@41dd1767f9400000    000000018000cae8     OL_Step_Resp_Arduino_cgxe_registry.obj
 0002:00000af0       __real@41e2d39270e00000    000000018000caf0     OL_Step_Resp_Arduino_cgxe_registry.obj
 0002:00000af8       __real@41e6febc7b200000    000000018000caf8     OL_Step_Resp_Arduino_cgxe_registry.obj
 0002:00000b00       __real@41e7b5ab06800000    000000018000cb00     OL_Step_Resp_Arduino_cgxe_registry.obj
 0002:00000b08       __real@41ecdbadfde00000    000000018000cb08     OL_Step_Resp_Arduino_cgxe_registry.obj
 0002:00000b10       __real@41ede93ca1200000    000000018000cb10     OL_Step_Resp_Arduino_cgxe_registry.obj
 0002:00000b18       __real@bff0000000000000    000000018000cb18     OL_Step_Resp_Arduino_cgxe_registry.obj
 0002:00000b30       _pRawDllMain               000000018000cb30     MSVCRT:dll_dllmain.obj
 0002:00000b30       _pDefaultRawDllMain        000000018000cb30     MSVCRT:dll_dllmain.obj
 0002:00000b60       _load_config_used          000000018000cb60     MSVCRT:loadcfg.obj
 0002:00000e20       __rtc_iaa                  000000018000ce20     MSVCRT:_initsect_.obj
 0002:00000e28       __rtc_izz                  000000018000ce28     MSVCRT:_initsect_.obj
 0002:00000e30       __rtc_taa                  000000018000ce30     MSVCRT:_initsect_.obj
 0002:00000e38       __rtc_tzz                  000000018000ce38     MSVCRT:_initsect_.obj
 0002:00001560       __IMPORT_DESCRIPTOR_libmx  000000018000d560     libmx:libmx.dll
 0002:00001574       __IMPORT_DESCRIPTOR_libmex 000000018000d574     libmex:libmex.dll
 0002:00001588       __IMPORT_DESCRIPTOR_libemlrt 000000018000d588     libemlrt:libemlrt.dll
 0002:0000159c       __IMPORT_DESCRIPTOR_libmwcgxert 000000018000d59c     libmwcgxert:libmwcgxert.dll
 0002:000015b0       __IMPORT_DESCRIPTOR_KERNEL32 000000018000d5b0     kernel32:KERNEL32.dll
 0002:000015c4       __IMPORT_DESCRIPTOR_VCRUNTIME140 000000018000d5c4     vcruntime:VCRUNTIME140.dll
 0002:000015d8       __IMPORT_DESCRIPTOR_api-ms-win-crt-heap-l1-1-0 000000018000d5d8     ucrt:api-ms-win-crt-heap-l1-1-0.dll
 0002:000015ec       __IMPORT_DESCRIPTOR_api-ms-win-crt-string-l1-1-0 000000018000d5ec     ucrt:api-ms-win-crt-string-l1-1-0.dll
 0002:00001600       __IMPORT_DESCRIPTOR_api-ms-win-crt-stdio-l1-1-0 000000018000d600     ucrt:api-ms-win-crt-stdio-l1-1-0.dll
 0002:00001614       __IMPORT_DESCRIPTOR_api-ms-win-crt-runtime-l1-1-0 000000018000d614     ucrt:api-ms-win-crt-runtime-l1-1-0.dll
 0002:00001628       __NULL_IMPORT_DESCRIPTOR   000000018000d628     libmx:libmx.dll
 0003:00000c88       DYNAMIC_DIMENSION          000000018000fc88     OL_Step_Resp_Arduino_cgxe_registry.obj
 0003:00001820       __security_cookie          0000000180010820     MSVCRT:gs_cookie.obj
 0003:00001828       __security_cookie_complement 0000000180010828     MSVCRT:gs_cookie.obj
 0003:00001830       _fltused                   0000000180010830     MSVCRT:dllsupp.obj
 0003:00001834       __scrt_native_dllmain_reason 0000000180010834     MSVCRT:utility.obj
 0003:00001838       __isa_available            0000000180010838     MSVCRT:_cpu_disp_.obj
 0003:0000183c       __isa_enabled              000000018001083c     MSVCRT:_cpu_disp_.obj
 0003:00001840       __memcpy_nt_iters          0000000180010840     MSVCRT:_cpu_disp_.obj
 0003:00001850       __scrt_ucrt_dll_is_in_use  0000000180010850     MSVCRT:ucrt_stubs.obj
 0003:00001ed8       __scrt_current_native_startup_state 0000000180010ed8     MSVCRT:utility.obj
 0003:00001ee0       __scrt_native_startup_lock 0000000180010ee0     MSVCRT:utility.obj
 0003:00001f20       ?__type_info_root_node@@3U__type_info_node@@A 0000000180010f20     MSVCRT:tncleanup.obj
 0003:00001f30       ?_OptionsStorage@?1??__local_stdio_printf_options@@9@4_KA 0000000180010f30     MSVCRT:default_local_stdio_options.obj
 0003:00001f38       ?_OptionsStorage@?1??__local_stdio_scanf_options@@9@4_KA 0000000180010f38     MSVCRT:default_local_stdio_options.obj
 0003:00001f40       __scrt_debugger_hook_flag  0000000180010f40     MSVCRT:utility_desktop.obj
 0003:00001f44       __favor                    0000000180010f44     MSVCRT:_cpu_disp_.obj
 0003:00001f48       ?_OptionsStorage@?1??__local_stdio_printf_options@@9@9 0000000180010f48     <common>
 0003:00001f50       __dyn_tls_init_callback    0000000180010f50     <common>

 entry point at        0001:00009754

 Static symbols

 0000:00000000       .debug$S                   0000000180000000     libemlrt:libemlrt.dll
 0000:00000000       .debug$S                   0000000180000000     OL_Step_Resp_Arduino_cgxe.exp
 0000:00000000       .debug$S                   0000000180000000     ucrt:api-ms-win-crt-heap-l1-1-0.dll
 0000:00000000       .debug$S                   0000000180000000     ucrt:api-ms-win-crt-heap-l1-1-0.dll
 0000:00000000       .debug$S                   0000000180000000     ucrt:api-ms-win-crt-heap-l1-1-0.dll
 0000:00000000       .debug$S                   0000000180000000     ucrt:api-ms-win-crt-runtime-l1-1-0.dll
 0000:00000000       .debug$S                   0000000180000000     ucrt:api-ms-win-crt-runtime-l1-1-0.dll
 0000:00000000       .debug$S                   0000000180000000     ucrt:api-ms-win-crt-runtime-l1-1-0.dll
 0000:00000000       .debug$S                   0000000180000000     ucrt:api-ms-win-crt-runtime-l1-1-0.dll
 0000:00000000       .debug$S                   0000000180000000     ucrt:api-ms-win-crt-runtime-l1-1-0.dll
 0000:00000000       .debug$S                   0000000180000000     ucrt:api-ms-win-crt-runtime-l1-1-0.dll
 0000:00000000       .debug$S                   0000000180000000     ucrt:api-ms-win-crt-runtime-l1-1-0.dll
 0000:00000000       .debug$S                   0000000180000000     ucrt:api-ms-win-crt-runtime-l1-1-0.dll
 0000:00000000       .debug$S                   0000000180000000     ucrt:api-ms-win-crt-runtime-l1-1-0.dll
 0000:00000000       .debug$S                   0000000180000000     ucrt:api-ms-win-crt-runtime-l1-1-0.dll
 0000:00000000       .debug$S                   0000000180000000     ucrt:api-ms-win-crt-runtime-l1-1-0.dll
 0000:00000000       .debug$S                   0000000180000000     ucrt:api-ms-win-crt-runtime-l1-1-0.dll
 0000:00000000       .debug$S                   0000000180000000     ucrt:api-ms-win-crt-stdio-l1-1-0.dll
 0000:00000000       .debug$S                   0000000180000000     ucrt:api-ms-win-crt-string-l1-1-0.dll
 0000:00000000       .debug$S                   0000000180000000     ucrt:api-ms-win-crt-string-l1-1-0.dll
 0000:00000000       .debug$S                   0000000180000000     ucrt:api-ms-win-crt-string-l1-1-0.dll
 0000:00000000       .debug$S                   0000000180000000     vcruntime:VCRUNTIME140.dll
 0000:00000000       .debug$S                   0000000180000000     vcruntime:VCRUNTIME140.dll
 0000:00000000       .debug$S                   0000000180000000     vcruntime:VCRUNTIME140.dll
 0000:00000000       .debug$S                   0000000180000000     vcruntime:VCRUNTIME140.dll
 0000:00000000       .debug$S                   0000000180000000     kernel32:KERNEL32.dll
 0000:00000000       .debug$S                   0000000180000000     kernel32:KERNEL32.dll
 0000:00000000       .debug$S                   0000000180000000     kernel32:KERNEL32.dll
 0000:00000000       .debug$S                   0000000180000000     kernel32:KERNEL32.dll
 0000:00000000       .debug$S                   0000000180000000     kernel32:KERNEL32.dll
 0000:00000000       .debug$S                   0000000180000000     kernel32:KERNEL32.dll
 0000:00000000       .debug$S                   0000000180000000     kernel32:KERNEL32.dll
 0000:00000000       .debug$S                   0000000180000000     kernel32:KERNEL32.dll
 0000:00000000       .debug$S                   0000000180000000     kernel32:KERNEL32.dll
 0000:00000000       .debug$S                   0000000180000000     kernel32:KERNEL32.dll
 0000:00000000       .debug$S                   0000000180000000     kernel32:KERNEL32.dll
 0000:00000000       .debug$S                   0000000180000000     kernel32:KERNEL32.dll
 0000:00000000       .debug$S                   0000000180000000     kernel32:KERNEL32.dll
 0000:00000000       .debug$S                   0000000180000000     kernel32:KERNEL32.dll
 0000:00000000       .debug$S                   0000000180000000     kernel32:KERNEL32.dll
 0000:00000000       .debug$S                   0000000180000000     kernel32:KERNEL32.dll
 0000:00000000       .debug$S                   0000000180000000     kernel32:KERNEL32.dll
 0000:00000000       .debug$S                   0000000180000000     libemlrt:libemlrt.dll
 0000:00000000       .debug$S                   0000000180000000     libemlrt:libemlrt.dll
 0000:00000000       .debug$S                   0000000180000000     libemlrt:libemlrt.dll
 0000:00000000       .debug$S                   0000000180000000     libemlrt:libemlrt.dll
 0000:00000000       .debug$S                   0000000180000000     libmex:libmex.dll
 0000:00000000       .debug$S                   0000000180000000     libemlrt:libemlrt.dll
 0000:00000000       .debug$S                   0000000180000000     libmex:libmex.dll
 0000:00000000       .debug$S                   0000000180000000     libemlrt:libemlrt.dll
 0000:00000000       .debug$S                   0000000180000000     libmex:libmex.dll
 0000:00000000       .debug$S                   0000000180000000     libmwcgxert:libmwcgxert.dll
 0000:00000000       .debug$S                   0000000180000000     libmex:libmex.dll
 0000:00000000       .debug$S                   0000000180000000     libmwcgxert:libmwcgxert.dll
 0000:00000000       .debug$S                   0000000180000000     libmex:libmex.dll
 0000:00000000       .debug$S                   0000000180000000     libmwcgxert:libmwcgxert.dll
 0000:00000000       .debug$S                   0000000180000000     libmwcgxert:libmwcgxert.dll
 0000:00000000       .debug$S                   0000000180000000     libmwcgxert:libmwcgxert.dll
 0000:00000000       .debug$S                   0000000180000000     libmex:libmex.dll
 0000:00000000       .debug$S                   0000000180000000     libmx:libmx.dll
 0000:00000000       .debug$S                   0000000180000000     libmx:libmx.dll
 0000:00000000       .debug$S                   0000000180000000     libmx:libmx.dll
 0000:00000000       .debug$S                   0000000180000000     libmx:libmx.dll
 0000:00000000       .debug$S                   0000000180000000     libemlrt:libemlrt.dll
 0000:00000000       .debug$S                   0000000180000000     libemlrt:libemlrt.dll
 0000:00000000       .debug$S                   0000000180000000     libemlrt:libemlrt.dll
 0000:00000000       .debug$S                   0000000180000000     libemlrt:libemlrt.dll
 0000:00000000       .debug$S                   0000000180000000     libmx:libmx.dll
 0000:00000000       .debug$S                   0000000180000000     libmx:libmx.dll
 0000:00000000       .debug$S                   0000000180000000     libmx:libmx.dll
 0000:00000000       .debug$S                   0000000180000000     libmx:libmx.dll
 0000:00000000       .debug$S                   0000000180000000     libmx:libmx.dll
 0000:00000000       .debug$S                   0000000180000000     libmx:libmx.dll
 0000:00000000       .debug$S                   0000000180000000     libmx:libmx.dll
 0000:00000000       .debug$S                   0000000180000000     libmx:libmx.dll
 0000:00000000       .debug$S                   0000000180000000     libmx:libmx.dll
 0000:00000000       .debug$S                   0000000180000000     libemlrt:libemlrt.dll
 0000:00000000       .debug$S                   0000000180000000     libemlrt:libemlrt.dll
 0000:00000000       .debug$S                   0000000180000000     libemlrt:libemlrt.dll
 0000:00000000       .debug$S                   0000000180000000     libemlrt:libemlrt.dll
 0000:00000000       .debug$S                   0000000180000000     libemlrt:libemlrt.dll
 0000:00000000       .debug$S                   0000000180000000     libmx:libmx.dll
 0000:00000000       .debug$S                   0000000180000000     libemlrt:libemlrt.dll
 0000:00000000       .debug$S                   0000000180000000     libemlrt:libemlrt.dll
 0000:00000000       .debug$S                   0000000180000000     libmx:libmx.dll
 0000:00000000       .debug$S                   0000000180000000     libmx:libmx.dll
 0000:00000000       .debug$S                   0000000180000000     libmx:libmx.dll
 0000:00000000       .debug$S                   0000000180000000     libmx:libmx.dll
 0000:00000000       .debug$S                   0000000180000000     libmx:libmx.dll
 0000:00000000       .debug$S                   0000000180000000     libemlrt:libemlrt.dll
 0001:00000130       cgxe_mdl_start             0000000180001130 f   m_ePayuoj95JiWdmGoyRgl3F.obj
 0001:00000510       cgxe_mdl_initialize        0000000180001510 f   m_ePayuoj95JiWdmGoyRgl3F.obj
 0001:000009b0       cgxe_mdl_outputs           00000001800019b0 f   m_ePayuoj95JiWdmGoyRgl3F.obj
 0001:00000fb0       cgxe_mdl_update            0000000180001fb0 f   m_ePayuoj95JiWdmGoyRgl3F.obj
 0001:00000fc0       cgxe_mdl_terminate         0000000180001fc0 f   m_ePayuoj95JiWdmGoyRgl3F.obj
 0001:000014a0       cgxe_mdl_get_sim_state     00000001800024a0 f   m_ePayuoj95JiWdmGoyRgl3F.obj
 0001:00001790       emlrt_marshallIn           0000000180002790 f   m_ePayuoj95JiWdmGoyRgl3F.obj
 0001:00001860       b_emlrt_marshallIn         0000000180002860 f   m_ePayuoj95JiWdmGoyRgl3F.obj
 0001:000019d0       c_emlrt_marshallIn         00000001800029d0 f   m_ePayuoj95JiWdmGoyRgl3F.obj
 0001:00001a20       d_emlrt_marshallIn         0000000180002a20 f   m_ePayuoj95JiWdmGoyRgl3F.obj
 0001:00001b00       e_emlrt_marshallIn         0000000180002b00 f   m_ePayuoj95JiWdmGoyRgl3F.obj
 0001:00001b50       f_emlrt_marshallIn         0000000180002b50 f   m_ePayuoj95JiWdmGoyRgl3F.obj
 0001:00001bc0       g_emlrt_marshallIn         0000000180002bc0 f   m_ePayuoj95JiWdmGoyRgl3F.obj
 0001:00001c10       cgxe_mdl_set_sim_state     0000000180002c10 f   m_ePayuoj95JiWdmGoyRgl3F.obj
 0001:00001d20       error                      0000000180002d20 f   m_ePayuoj95JiWdmGoyRgl3F.obj
 0001:00001d90       message                    0000000180002d90 f   m_ePayuoj95JiWdmGoyRgl3F.obj
 0001:00001e20       h_emlrt_marshallIn         0000000180002e20 f   m_ePayuoj95JiWdmGoyRgl3F.obj
 0001:00001e90       i_emlrt_marshallIn         0000000180002e90 f   m_ePayuoj95JiWdmGoyRgl3F.obj
 0001:00001f30       j_emlrt_marshallIn         0000000180002f30 f   m_ePayuoj95JiWdmGoyRgl3F.obj
 0001:00001fb0       init_simulink_io_address   0000000180002fb0 f   m_ePayuoj95JiWdmGoyRgl3F.obj
 0001:00002010       mdlOutputs_ePayuoj95JiWdmGoyRgl3F 0000000180003010 f   m_ePayuoj95JiWdmGoyRgl3F.obj
 0001:00002050       mdlInitialize_ePayuoj95JiWdmGoyRgl3F 0000000180003050 f   m_ePayuoj95JiWdmGoyRgl3F.obj
 0001:00002080       mdlUpdate_ePayuoj95JiWdmGoyRgl3F 0000000180003080 f   m_ePayuoj95JiWdmGoyRgl3F.obj
 0001:000020c0       getSimState_ePayuoj95JiWdmGoyRgl3F 00000001800030c0 f   m_ePayuoj95JiWdmGoyRgl3F.obj
 0001:00002100       setSimState_ePayuoj95JiWdmGoyRgl3F 0000000180003100 f   m_ePayuoj95JiWdmGoyRgl3F.obj
 0001:00002140       mdlTerminate_ePayuoj95JiWdmGoyRgl3F 0000000180003140 f   m_ePayuoj95JiWdmGoyRgl3F.obj
 0001:00002180       mdlStart_ePayuoj95JiWdmGoyRgl3F 0000000180003180 f   m_ePayuoj95JiWdmGoyRgl3F.obj
 0001:00002250       mdlProcessParameters_ePayuoj95JiWdmGoyRgl3F 0000000180003250 f   m_ePayuoj95JiWdmGoyRgl3F.obj
 0001:00003494       $LN96                      0000000180004494     OL_Step_Resp_Arduino_cgxe_registry.obj
 0001:00005514       $LN17                      0000000180006514     OL_Step_Resp_Arduino_cgxe_registry.obj
 0001:00005a9c       $LN26                      0000000180006a9c     OL_Step_Resp_Arduino_cgxe_registry.obj
 0001:00006184       $LN23                      0000000180007184     OL_Step_Resp_Arduino_cgxe_registry.obj
 0001:00006754       $LN26                      0000000180007754     OL_Step_Resp_Arduino_cgxe_registry.obj
 0001:00007760       mdlStart                   0000000180008760 f   OL_Step_Resp_Arduino_cgxe_registry.obj
 0001:000077a0       mdlInitializeConditions    00000001800087a0 f   OL_Step_Resp_Arduino_cgxe_registry.obj
 0001:000077c0       mdlUpdate                  00000001800087c0 f   OL_Step_Resp_Arduino_cgxe_registry.obj
 0001:000077f0       mdlOutputs                 00000001800087f0 f   OL_Step_Resp_Arduino_cgxe_registry.obj
 0001:00007820       mdlTerminate               0000000180008820 f   OL_Step_Resp_Arduino_cgxe_registry.obj
 0001:00007840       mdlInitializeSizes         0000000180008840 f   OL_Step_Resp_Arduino_cgxe_registry.obj
 0001:00007850       mdlInitializeSampleTimes   0000000180008850 f   OL_Step_Resp_Arduino_cgxe_registry.obj
 0001:00007860       cgxe_get_supported_modules 0000000180008860 f   OL_Step_Resp_Arduino_cgxe_registry.obj
 0001:00007930       cgxe_process_get_checksums 0000000180008930 f   OL_Step_Resp_Arduino_cgxe_registry.obj
 0001:00007cb0       cgxe_mex_unlock_call       0000000180008cb0 f   OL_Step_Resp_Arduino_cgxe_registry.obj
 0001:00007cf0       cgxe_unpack_simstruct      0000000180008cf0 f   OL_Step_Resp_Arduino_cgxe_registry.obj
 0001:00007d90       cgxe_get_sim_state         0000000180008d90 f   OL_Step_Resp_Arduino_cgxe_registry.obj
 0001:00007e00       cgxe_set_sim_state         0000000180008e00 f   OL_Step_Resp_Arduino_cgxe_registry.obj
 0001:00007e80       cgxe_get_BuildInfoUpdate   0000000180008e80 f   OL_Step_Resp_Arduino_cgxe_registry.obj
 0001:00007f50       cgxe_get_fallback_info     0000000180008f50 f   OL_Step_Resp_Arduino_cgxe_registry.obj
 0001:00008020       ProcessMexSfunctionCmdLineCall 0000000180009020 f   OL_Step_Resp_Arduino_cgxe_registry.obj
 0001:00008250       mdlZeroCrossings           0000000180009250 f   OL_Step_Resp_Arduino_cgxe_registry.obj
 0001:000082a0       mdlGetTimeOfNextVarHit     00000001800092a0 f   OL_Step_Resp_Arduino_cgxe_registry.obj
 0001:000082f0       _RegNumInputPortsCB        00000001800092f0 f   OL_Step_Resp_Arduino_cgxe_registry.obj
 0001:00008370       _RegNumOutputPortsCB       0000000180009370 f   OL_Step_Resp_Arduino_cgxe_registry.obj
 0001:000083f0       _CreateSimStruct           00000001800093f0 f   OL_Step_Resp_Arduino_cgxe_registry.obj
 0001:000085d0       _ssFatalError              00000001800095d0 f   OL_Step_Resp_Arduino_cgxe_registry.obj
 0001:000086a0       _ProcessMexSfunctionCmdLineCall 00000001800096a0 f   OL_Step_Resp_Arduino_cgxe_registry.obj
 0001:00009020       $$000000                   000000018000a020     MSVCRT:_amdsecgs_.obj
 0001:0000931c       capture_current_context    000000018000a31c f   MSVCRT:gs_report.obj
 0001:0000938c       capture_previous_context   000000018000a38c f   MSVCRT:gs_report.obj
 0001:00009400       ?dllmain_crt_dispatch@@YAHQEAUHINSTANCE__@@KQEAX@Z 000000018000a400 f   MSVCRT:dll_dllmain.obj
 0001:00009450       ?dllmain_crt_process_attach@@YAHQEAUHINSTANCE__@@QEAX@Z 000000018000a450 f   MSVCRT:dll_dllmain.obj
 0001:0000957c       ?dllmain_crt_process_detach@@YAH_N@Z 000000018000a57c f   MSVCRT:dll_dllmain.obj
 0001:00009600       ?dllmain_dispatch@@YAHQEAUHINSTANCE__@@KQEAX@Z 000000018000a600 f   MSVCRT:dll_dllmain.obj
 0001:000096f8       ?dllmain_raw@@YAHQEAUHINSTANCE__@@KQEAX@Z 000000018000a6f8 f   MSVCRT:dll_dllmain.obj
 0001:000097ec       ?find_pe_section@@YAPEAU_IMAGE_SECTION_HEADER@@QEAE_K@Z 000000018000a7ec f   MSVCRT:utility.obj
 0001:00009838       ?is_potentially_valid_image_base@@YA_NQEAX@Z 000000018000a838 f   MSVCRT:utility.obj
 0001:0000a380       $$000000                   000000018000b380     MSVCRT:_guard_dispatch_.obj
 0001:0000a392       ?fin$0@?0??dllmain_crt_process_attach@@YAHQEAUHINSTANCE__@@QEAX@Z@4HA 000000018000b392 f   MSVCRT:dll_dllmain.obj
 0001:0000a3a9       ?fin$0@?0??dllmain_crt_process_detach@@YAH_N@Z@4HA 000000018000b3a9 f   MSVCRT:dll_dllmain.obj
 0001:0000a3c5       ?filt$0@?0??dllmain_dispatch@@YAHQEAUHINSTANCE__@@KQEAX@Z@4HA 000000018000b3c5 f   MSVCRT:dll_dllmain.obj
 0001:0000a3fb       __scrt_is_nonwritable_in_current_image$filt$0 000000018000b3fb f   MSVCRT:utility.obj
 0002:00000370       ?iv0@?1??cgxe_mdl_start@@9@9 000000018000c370     m_ePayuoj95JiWdmGoyRgl3F.obj
 0002:00000378       ?iv1@?1??cgxe_mdl_start@@9@9 000000018000c378     m_ePayuoj95JiWdmGoyRgl3F.obj
 0002:00000380       ?iv2@?1??cgxe_mdl_start@@9@9 000000018000c380     m_ePayuoj95JiWdmGoyRgl3F.obj
 0002:00000388       ?iv4@?1??cgxe_mdl_start@@9@9 000000018000c388     m_ePayuoj95JiWdmGoyRgl3F.obj
 0002:00000390       ?iv5@?1??cgxe_mdl_initialize@@9@9 000000018000c390     m_ePayuoj95JiWdmGoyRgl3F.obj
 0002:00000398       ?iv6@?1??cgxe_mdl_initialize@@9@9 000000018000c398     m_ePayuoj95JiWdmGoyRgl3F.obj
 0002:000003a0       ?iv7@?1??cgxe_mdl_initialize@@9@9 000000018000c3a0     m_ePayuoj95JiWdmGoyRgl3F.obj
 0002:000003a8       ?iv8@?1??cgxe_mdl_initialize@@9@9 000000018000c3a8     m_ePayuoj95JiWdmGoyRgl3F.obj
 0002:000003b0       ?iv9@?1??cgxe_mdl_outputs@@9@9 000000018000c3b0     m_ePayuoj95JiWdmGoyRgl3F.obj
 0002:000003b8       ?iv10@?1??cgxe_mdl_outputs@@9@9 000000018000c3b8     m_ePayuoj95JiWdmGoyRgl3F.obj
 0002:000003c0       ?iv11@?1??cgxe_mdl_outputs@@9@9 000000018000c3c0     m_ePayuoj95JiWdmGoyRgl3F.obj
 0002:000003c8       ?iv12@?1??cgxe_mdl_outputs@@9@9 000000018000c3c8     m_ePayuoj95JiWdmGoyRgl3F.obj
 0002:000003d0       ?iv13@?1??cgxe_mdl_terminate@@9@9 000000018000c3d0     m_ePayuoj95JiWdmGoyRgl3F.obj
 0002:000003d8       ?iv14@?1??cgxe_mdl_terminate@@9@9 000000018000c3d8     m_ePayuoj95JiWdmGoyRgl3F.obj
 0002:000003e0       ?iv15@?1??cgxe_mdl_terminate@@9@9 000000018000c3e0     m_ePayuoj95JiWdmGoyRgl3F.obj
 0002:000003e8       ?iv16@?1??cgxe_mdl_terminate@@9@9 000000018000c3e8     m_ePayuoj95JiWdmGoyRgl3F.obj
 0002:000003f0       ?iv18@?1??cgxe_mdl_get_sim_state@@9@9 000000018000c3f0     m_ePayuoj95JiWdmGoyRgl3F.obj
 0002:000003f8       ?dims@?1??b_emlrt_marshallIn@@9@9 000000018000c3f8     m_ePayuoj95JiWdmGoyRgl3F.obj
 0002:000003fc       ?dims@?1??h_emlrt_marshallIn@@9@9 000000018000c3fc     m_ePayuoj95JiWdmGoyRgl3F.obj
 0002:00000400       ?dims@?1??d_emlrt_marshallIn@@9@9 000000018000c400     m_ePayuoj95JiWdmGoyRgl3F.obj
 0002:00000408       ?dims@?1??i_emlrt_marshallIn@@9@9 000000018000c408     m_ePayuoj95JiWdmGoyRgl3F.obj
 0002:00000410       ?dims@?1??j_emlrt_marshallIn@@9@9 000000018000c410     m_ePayuoj95JiWdmGoyRgl3F.obj
 0002:00000b20       GS_ExceptionPointers       000000018000cb20     MSVCRT:gs_report.obj
 0002:00000e40       $unwind$cgxe_OL_Step_Resp_Arduino_method_dispatcher 000000018000ce40     OL_Step_Resp_Arduino_cgxe.obj
 0002:00000e48       $unwind$method_dispatcher_ePayuoj95JiWdmGoyRgl3F 000000018000ce48     m_ePayuoj95JiWdmGoyRgl3F.obj
 0002:00000e50       $unwind$cgxe_mdl_start     000000018000ce50     m_ePayuoj95JiWdmGoyRgl3F.obj
 0002:00000e64       $unwind$cgxe_mdl_initialize 000000018000ce64     m_ePayuoj95JiWdmGoyRgl3F.obj
 0002:00000e74       $unwind$cgxe_mdl_outputs   000000018000ce74     m_ePayuoj95JiWdmGoyRgl3F.obj
 0002:00000e88       $unwind$cgxe_mdl_terminate 000000018000ce88     m_ePayuoj95JiWdmGoyRgl3F.obj
 0002:00000e98       $unwind$cgxe_mdl_get_sim_state 000000018000ce98     m_ePayuoj95JiWdmGoyRgl3F.obj
 0002:00000eac       $unwind$emlrt_marshallIn   000000018000ceac     m_ePayuoj95JiWdmGoyRgl3F.obj
 0002:00000ec0       $unwind$b_emlrt_marshallIn 000000018000cec0     m_ePayuoj95JiWdmGoyRgl3F.obj
 0002:00000ed4       $unwind$c_emlrt_marshallIn 000000018000ced4     m_ePayuoj95JiWdmGoyRgl3F.obj
 0002:00000edc       $unwind$d_emlrt_marshallIn 000000018000cedc     m_ePayuoj95JiWdmGoyRgl3F.obj
 0002:00000ee4       $unwind$e_emlrt_marshallIn 000000018000cee4     m_ePayuoj95JiWdmGoyRgl3F.obj
 0002:00000eec       $unwind$f_emlrt_marshallIn 000000018000ceec     m_ePayuoj95JiWdmGoyRgl3F.obj
 0002:00000ef4       $unwind$g_emlrt_marshallIn 000000018000cef4     m_ePayuoj95JiWdmGoyRgl3F.obj
 0002:00000efc       $unwind$cgxe_mdl_set_sim_state 000000018000cefc     m_ePayuoj95JiWdmGoyRgl3F.obj
 0002:00000f08       $unwind$error              000000018000cf08     m_ePayuoj95JiWdmGoyRgl3F.obj
 0002:00000f10       $unwind$message            000000018000cf10     m_ePayuoj95JiWdmGoyRgl3F.obj
 0002:00000f18       $unwind$h_emlrt_marshallIn 000000018000cf18     m_ePayuoj95JiWdmGoyRgl3F.obj
 0002:00000f20       $unwind$i_emlrt_marshallIn 000000018000cf20     m_ePayuoj95JiWdmGoyRgl3F.obj
 0002:00000f28       $unwind$j_emlrt_marshallIn 000000018000cf28     m_ePayuoj95JiWdmGoyRgl3F.obj
 0002:00000f30       $unwind$init_simulink_io_address 000000018000cf30     m_ePayuoj95JiWdmGoyRgl3F.obj
 0002:00000f38       $unwind$mdlOutputs_ePayuoj95JiWdmGoyRgl3F 000000018000cf38     m_ePayuoj95JiWdmGoyRgl3F.obj
 0002:00000f40       $unwind$mdlInitialize_ePayuoj95JiWdmGoyRgl3F 000000018000cf40     m_ePayuoj95JiWdmGoyRgl3F.obj
 0002:00000f48       $unwind$mdlUpdate_ePayuoj95JiWdmGoyRgl3F 000000018000cf48     m_ePayuoj95JiWdmGoyRgl3F.obj
 0002:00000f50       $unwind$getSimState_ePayuoj95JiWdmGoyRgl3F 000000018000cf50     m_ePayuoj95JiWdmGoyRgl3F.obj
 0002:00000f58       $unwind$setSimState_ePayuoj95JiWdmGoyRgl3F 000000018000cf58     m_ePayuoj95JiWdmGoyRgl3F.obj
 0002:00000f60       $unwind$mdlTerminate_ePayuoj95JiWdmGoyRgl3F 000000018000cf60     m_ePayuoj95JiWdmGoyRgl3F.obj
 0002:00000f68       $unwind$mdlStart_ePayuoj95JiWdmGoyRgl3F 000000018000cf68     m_ePayuoj95JiWdmGoyRgl3F.obj
 0002:00000f70       $unwind$cgxe_ePayuoj95JiWdmGoyRgl3F_BuildInfoUpdate 000000018000cf70     m_ePayuoj95JiWdmGoyRgl3F.obj
 0002:00000f78       $unwind$cgxe_ePayuoj95JiWdmGoyRgl3F_fallback_info 000000018000cf78     m_ePayuoj95JiWdmGoyRgl3F.obj
 0002:00000f80       $unwind$_vsnprintf_l       000000018000cf80     OL_Step_Resp_Arduino_cgxe_registry.obj
 0002:00000f88       $unwind$_vsprintf_l        000000018000cf88     OL_Step_Resp_Arduino_cgxe_registry.obj
 0002:00000f90       $unwind$sprintf            000000018000cf90     OL_Step_Resp_Arduino_cgxe_registry.obj
 0002:00000f98       $unwind$mexFunction        000000018000cf98     OL_Step_Resp_Arduino_cgxe_registry.obj
 0002:00000fa0       $unwind$_ssSetInputPortDirectFeedThroughFcn 000000018000cfa0     OL_Step_Resp_Arduino_cgxe_registry.obj
 0002:00000fa8       $unwind$_ssGetInputPortSignalPtrsFcn 000000018000cfa8     OL_Step_Resp_Arduino_cgxe_registry.obj
 0002:00000fb0       $unwind$_ssGetInputPortSignalFcn 000000018000cfb0     OL_Step_Resp_Arduino_cgxe_registry.obj
 0002:00000fb8       $unwind$_ssSetInputPortReusableFcn 000000018000cfb8     OL_Step_Resp_Arduino_cgxe_registry.obj
 0002:00000fc8       $unwind$_ssSetOutputPortReusableFcn 000000018000cfc8     OL_Step_Resp_Arduino_cgxe_registry.obj
 0002:00000fd8       $unwind$_ssSetSymbolicDimsSupport 000000018000cfd8     OL_Step_Resp_Arduino_cgxe_registry.obj
 0002:00000fe0       $unwind$_ssRegisterSymbolicDimsExpr 000000018000cfe0     OL_Step_Resp_Arduino_cgxe_registry.obj
 0002:00000fe8       $unwind$_ssRegisterSymbolicDims 000000018000cfe8     OL_Step_Resp_Arduino_cgxe_registry.obj
 0002:00000ff0       $unwind$_ssRegisterSymbolicDimsString 000000018000cff0     OL_Step_Resp_Arduino_cgxe_registry.obj
 0002:00000ff8       $unwind$_ssRegisterSymbolicDimsIntValue 000000018000cff8     OL_Step_Resp_Arduino_cgxe_registry.obj
 0002:00001000       $unwind$_ssRegisterSymbolicDimsPlus 000000018000d000     OL_Step_Resp_Arduino_cgxe_registry.obj
 0002:00001008       $unwind$_ssRegisterSymbolicDimsMinus 000000018000d008     OL_Step_Resp_Arduino_cgxe_registry.obj
 0002:00001010       $unwind$_ssRegisterSymbolicDimsMultiply 000000018000d010     OL_Step_Resp_Arduino_cgxe_registry.obj
 0002:00001018       $unwind$_ssRegisterSymbolicDimsDivide 000000018000d018     OL_Step_Resp_Arduino_cgxe_registry.obj
 0002:00001020       $unwind$_ssGetNumSymbolicDims 000000018000d020     OL_Step_Resp_Arduino_cgxe_registry.obj
 0002:00001028       $unwind$_ssGetSymbolicDim  000000018000d028     OL_Step_Resp_Arduino_cgxe_registry.obj
 0002:00001030       $unwind$_ssSetInputPortSymbolicDimsId 000000018000d030     OL_Step_Resp_Arduino_cgxe_registry.obj
 0002:00001038       $unwind$_ssGetCompInputPortSymbolicDimsId 000000018000d038     OL_Step_Resp_Arduino_cgxe_registry.obj
 0002:00001040       $unwind$_ssSetCompInputPortSymbolicDimsId 000000018000d040     OL_Step_Resp_Arduino_cgxe_registry.obj
 0002:00001048       $unwind$_ssSetOutputPortSymbolicDimsId 000000018000d048     OL_Step_Resp_Arduino_cgxe_registry.obj
 0002:00001050       $unwind$_ssGetCompOutputPortSymbolicDimsId 000000018000d050     OL_Step_Resp_Arduino_cgxe_registry.obj
 0002:00001058       $unwind$_ssSetCompOutputPortSymbolicDimsId 000000018000d058     OL_Step_Resp_Arduino_cgxe_registry.obj
 0002:00001060       $unwind$_ssSetCompDWorkSymbolicDimsId 000000018000d060     OL_Step_Resp_Arduino_cgxe_registry.obj
 0002:00001068       $unwind$ssGetIsZeroCrossControlDisabled 000000018000d068     OL_Step_Resp_Arduino_cgxe_registry.obj
 0002:00001070       $unwind$ssSetIsInputPortUsedForContZcSignal 000000018000d070     OL_Step_Resp_Arduino_cgxe_registry.obj
 0002:00001078       $unwind$ssSetZcSignalIsZcElementDisc 000000018000d078     OL_Step_Resp_Arduino_cgxe_registry.obj
 0002:00001088       $unwind$ssSetZcSignalName  000000018000d088     OL_Step_Resp_Arduino_cgxe_registry.obj
 0002:00001090       $unwind$ssSetZcSignalWidth 000000018000d090     OL_Step_Resp_Arduino_cgxe_registry.obj
 0002:00001098       $unwind$ssSetZcSignalZcEventType 000000018000d098     OL_Step_Resp_Arduino_cgxe_registry.obj
 0002:000010a0       $unwind$ssSetZcSignalType  000000018000d0a0     OL_Step_Resp_Arduino_cgxe_registry.obj
 0002:000010a8       $unwind$ssSetZcSignalZcTol 000000018000d0a8     OL_Step_Resp_Arduino_cgxe_registry.obj
 0002:000010b0       $unwind$ssSetZcSignalNeedsEventNotification 000000018000d0b0     OL_Step_Resp_Arduino_cgxe_registry.obj
 0002:000010b8       $unwind$ssCreateAndAddZcSignalInfo 000000018000d0b8     OL_Step_Resp_Arduino_cgxe_registry.obj
 0002:000010c0       $unwind$ssCloneAndAddZcSignalInfo 000000018000d0c0     OL_Step_Resp_Arduino_cgxe_registry.obj
 0002:000010c8       $unwind$ssGetNumZcSignals  000000018000d0c8     OL_Step_Resp_Arduino_cgxe_registry.obj
 0002:000010d0       $unwind$ssGetZcSignalVector 000000018000d0d0     OL_Step_Resp_Arduino_cgxe_registry.obj
 0002:000010d8       $unwind$ssGetZcSignalName  000000018000d0d8     OL_Step_Resp_Arduino_cgxe_registry.obj
 0002:000010e0       $unwind$ssGetZcSignalWidth 000000018000d0e0     OL_Step_Resp_Arduino_cgxe_registry.obj
 0002:000010e8       $unwind$ssGetZcSignalZcEventType 000000018000d0e8     OL_Step_Resp_Arduino_cgxe_registry.obj
 0002:000010f0       $unwind$ssGetZcSignalZcEvents 000000018000d0f0     OL_Step_Resp_Arduino_cgxe_registry.obj
 0002:000010f8       $unwind$ssGetZcSignalType  000000018000d0f8     OL_Step_Resp_Arduino_cgxe_registry.obj
 0002:00001100       $unwind$ssGetZcSignalZcTol 000000018000d100     OL_Step_Resp_Arduino_cgxe_registry.obj
 0002:00001108       $unwind$ssGetZcSignalNeedsEventNotification 000000018000d108     OL_Step_Resp_Arduino_cgxe_registry.obj
 0002:00001110       $unwind$ssGetZcSignalIsZcElementDisc 000000018000d110     OL_Step_Resp_Arduino_cgxe_registry.obj
 0002:00001120       $unwind$ssGetIsInputPortElementContinuous 000000018000d120     OL_Step_Resp_Arduino_cgxe_registry.obj
 0002:00001130       $unwind$ssGetDTypeIdFromMxArray 000000018000d130     OL_Step_Resp_Arduino_cgxe_registry.obj
 0002:00001138       $unwind$ssWriteRTWStr      000000018000d138     OL_Step_Resp_Arduino_cgxe_registry.obj
 0002:00001140       $unwind$ssWriteRTWNameValuePair 000000018000d140     OL_Step_Resp_Arduino_cgxe_registry.obj
 0002:00001148       $unwind$ssWriteRTWParamSettings 000000018000d148     OL_Step_Resp_Arduino_cgxe_registry.obj
 0002:00001150       $unwind$ssWriteRTWParameters 000000018000d150     OL_Step_Resp_Arduino_cgxe_registry.obj
 0002:00001158       $unwind$ssWriteRTWWorkVect 000000018000d158     OL_Step_Resp_Arduino_cgxe_registry.obj
 0002:0000116c       $unwind$ssWriteRTWMxVectParam 000000018000d16c     OL_Step_Resp_Arduino_cgxe_registry.obj
 0002:00001174       $unwind$ssWriteRTWMx2dMatParam 000000018000d174     OL_Step_Resp_Arduino_cgxe_registry.obj
 0002:0000117c       $unwind$_ssSetInputPortMatrixDimensions 000000018000d17c     OL_Step_Resp_Arduino_cgxe_registry.obj
 0002:00001188       $unwind$_ssSetOutputPortMatrixDimensions 000000018000d188     OL_Step_Resp_Arduino_cgxe_registry.obj
 0002:00001194       $unwind$_ssSetInputPortVectorDimension 000000018000d194     OL_Step_Resp_Arduino_cgxe_registry.obj
 0002:000011a0       $unwind$_ssSetOutputPortVectorDimension 000000018000d1a0     OL_Step_Resp_Arduino_cgxe_registry.obj
 0002:000011ac       $unwind$ssIsRunTimeParamTunable 000000018000d1ac     OL_Step_Resp_Arduino_cgxe_registry.obj
 0002:000011b4       $unwind$ssGetSFuncBlockHandle 000000018000d1b4     OL_Step_Resp_Arduino_cgxe_registry.obj
 0002:000011bc       $unwind$_ssGetCurrentInputPortWidth 000000018000d1bc     OL_Step_Resp_Arduino_cgxe_registry.obj
 0002:000011c4       $unwind$_ssGetCurrentOutputPortWidth 000000018000d1c4     OL_Step_Resp_Arduino_cgxe_registry.obj
 0002:000011cc       $unwind$_ssGetCallSystemNumFcnCallDestinations 000000018000d1cc     OL_Step_Resp_Arduino_cgxe_registry.obj
 0002:000011d4       $unwind$ssGetParameterTuningCompliance 000000018000d1d4     OL_Step_Resp_Arduino_cgxe_registry.obj
 0002:000011dc       $unwind$ssWarning          000000018000d1dc     OL_Step_Resp_Arduino_cgxe_registry.obj
 0002:000011f0       $unwind$_ssGetAbsTol       000000018000d1f0     OL_Step_Resp_Arduino_cgxe_registry.obj
 0002:000011f8       $unwind$mdlStart           000000018000d1f8     OL_Step_Resp_Arduino_cgxe_registry.obj
 0002:00001200       $unwind$mdlInitializeConditions 000000018000d200     OL_Step_Resp_Arduino_cgxe_registry.obj
 0002:00001208       $unwind$mdlUpdate          000000018000d208     OL_Step_Resp_Arduino_cgxe_registry.obj
 0002:00001210       $unwind$mdlOutputs         000000018000d210     OL_Step_Resp_Arduino_cgxe_registry.obj
 0002:00001218       $unwind$mdlTerminate       000000018000d218     OL_Step_Resp_Arduino_cgxe_registry.obj
 0002:00001220       $unwind$cgxe_get_supported_modules 000000018000d220     OL_Step_Resp_Arduino_cgxe_registry.obj
 0002:00001228       $unwind$cgxe_process_get_checksums 000000018000d228     OL_Step_Resp_Arduino_cgxe_registry.obj
 0002:00001238       $unwind$cgxe_mex_unlock_call 000000018000d238     OL_Step_Resp_Arduino_cgxe_registry.obj
 0002:00001240       $unwind$cgxe_unpack_simstruct 000000018000d240     OL_Step_Resp_Arduino_cgxe_registry.obj
 0002:00001248       $unwind$cgxe_get_sim_state 000000018000d248     OL_Step_Resp_Arduino_cgxe_registry.obj
 0002:00001250       $unwind$cgxe_set_sim_state 000000018000d250     OL_Step_Resp_Arduino_cgxe_registry.obj
 0002:00001258       $unwind$cgxe_get_BuildInfoUpdate 000000018000d258     OL_Step_Resp_Arduino_cgxe_registry.obj
 0002:00001268       $unwind$cgxe_get_fallback_info 000000018000d268     OL_Step_Resp_Arduino_cgxe_registry.obj
 0002:00001278       $unwind$ProcessMexSfunctionCmdLineCall 000000018000d278     OL_Step_Resp_Arduino_cgxe_registry.obj
 0002:00001288       $unwind$_RegNumInputPortsCB 000000018000d288     OL_Step_Resp_Arduino_cgxe_registry.obj
 0002:00001290       $unwind$_RegNumOutputPortsCB 000000018000d290     OL_Step_Resp_Arduino_cgxe_registry.obj
 0002:00001298       $unwind$_CreateSimStruct   000000018000d298     OL_Step_Resp_Arduino_cgxe_registry.obj
 0002:000012a0       $unwind$_ssFatalError      000000018000d2a0     OL_Step_Resp_Arduino_cgxe_registry.obj
 0002:000012b0       $unwind$_ProcessMexSfunctionCmdLineCall 000000018000d2b0     OL_Step_Resp_Arduino_cgxe_registry.obj
 0002:000012c0       $unwind$__GSHandlerCheckCommon 000000018000d2c0     MSVCRT:_gshandler_.obj
 0002:000012c8       $unwind$__GSHandlerCheck   000000018000d2c8     MSVCRT:_gshandler_.obj
 0002:000012d0       $xdatasym                  000000018000d2d0     MSVCRT:_amdsecgs_.obj
 0002:000012d4       $unwind$__report_securityfailure 000000018000d2d4     MSVCRT:gs_report.obj
 0002:000012dc       $unwind$__report_securityfailureEx 000000018000d2dc     MSVCRT:gs_report.obj
 0002:000012e4       $unwind$__report_rangecheckfailure 000000018000d2e4     MSVCRT:gs_report.obj
 0002:000012ec       $unwind$__report_gsfailure 000000018000d2ec     MSVCRT:gs_report.obj
 0002:000012f4       $unwind$capture_current_context 000000018000d2f4     MSVCRT:gs_report.obj
 0002:00001300       $unwind$capture_previous_context 000000018000d300     MSVCRT:gs_report.obj
 0002:0000130c       $unwind$__raise_securityfailure 000000018000d30c     MSVCRT:gs_report.obj
 0002:00001314       $unwind$?dllmain_crt_process_attach@@YAHQEAUHINSTANCE__@@QEAX@Z 000000018000d314     MSVCRT:dll_dllmain.obj
 0002:00001340       $unwind$?fin$0@?0??dllmain_crt_process_attach@@YAHQEAUHINSTANCE__@@QEAX@Z@4HA 000000018000d340     MSVCRT:dll_dllmain.obj
 0002:00001348       $unwind$?dllmain_crt_process_detach@@YAH_N@Z 000000018000d348     MSVCRT:dll_dllmain.obj
 0002:00001370       $unwind$?fin$0@?0??dllmain_crt_process_detach@@YAH_N@Z@4HA 000000018000d370     MSVCRT:dll_dllmain.obj
 0002:00001378       $unwind$?dllmain_crt_dispatch@@YAHQEAUHINSTANCE__@@KQEAX@Z 000000018000d378     MSVCRT:dll_dllmain.obj
 0002:00001380       $unwind$?dllmain_raw@@YAHQEAUHINSTANCE__@@KQEAX@Z 000000018000d380     MSVCRT:dll_dllmain.obj
 0002:00001394       $unwind$?dllmain_dispatch@@YAHQEAUHINSTANCE__@@KQEAX@Z 000000018000d394     MSVCRT:dll_dllmain.obj
 0002:000013bc       $unwind$?filt$0@?0??dllmain_dispatch@@YAHQEAUHINSTANCE__@@KQEAX@Z@4HA 000000018000d3bc     MSVCRT:dll_dllmain.obj
 0002:000013c4       $unwind$_DllMainCRTStartup 000000018000d3c4     MSVCRT:dll_dllmain.obj
 0002:000013d4       $unwind$atexit             000000018000d3d4     MSVCRT:utility.obj
 0002:000013dc       $unwind$_onexit            000000018000d3dc     MSVCRT:utility.obj
 0002:000013e4       $unwind$__scrt_is_nonwritable_in_current_image 000000018000d3e4     MSVCRT:utility.obj
 0002:00001404       $unwind$__scrt_is_nonwritable_in_current_image$filt$0 000000018000d404     MSVCRT:utility.obj
 0002:0000140c       $unwind$__scrt_acquire_startup_lock 000000018000d40c     MSVCRT:utility.obj
 0002:00001414       $unwind$__scrt_release_startup_lock 000000018000d414     MSVCRT:utility.obj
 0002:0000141c       $unwind$__scrt_initialize_crt 000000018000d41c     MSVCRT:utility.obj
 0002:00001424       $unwind$__scrt_uninitialize_crt 000000018000d424     MSVCRT:utility.obj
 0002:0000142c       $unwind$__scrt_initialize_onexit_tables 000000018000d42c     MSVCRT:utility.obj
 0002:00001438       $unwind$__scrt_dllmain_exception_filter 000000018000d438     MSVCRT:utility.obj
 0002:0000144c       $unwind$__scrt_dllmain_before_initialize_c 000000018000d44c     MSVCRT:utility.obj
 0002:00001454       $unwind$__scrt_dllmain_after_initialize_c 000000018000d454     MSVCRT:utility.obj
 0002:0000145c       $unwind$__scrt_dllmain_uninitialize_c 000000018000d45c     MSVCRT:utility.obj
 0002:00001464       $unwind$__scrt_dllmain_uninitialize_critical 000000018000d464     MSVCRT:utility.obj
 0002:0000146c       $unwind$__scrt_dllmain_crt_thread_attach 000000018000d46c     MSVCRT:utility.obj
 0002:00001474       $unwind$__scrt_dllmain_crt_thread_detach 000000018000d474     MSVCRT:utility.obj
 0002:0000147c       $unwind$?configure_argv@__scrt_narrow_argv_policy@@SAHXZ 000000018000d47c     MSVCRT:utility.obj
 0002:00001484       $unwind$__security_init_cookie 000000018000d484     MSVCRT:gs_support.obj
 0002:00001490       $unwind$DllMain            000000018000d490     MSVCRT:dll_dllmain_stub.obj
 0002:00001498       $unwind$__scrt_initialize_default_local_stdio_options 000000018000d498     MSVCRT:default_local_stdio_options.obj
 0002:000014a0       $unwind$__scrt_get_show_window_mode 000000018000d4a0     MSVCRT:utility_desktop.obj
 0002:000014a8       $unwind$__scrt_is_managed_app 000000018000d4a8     MSVCRT:utility_desktop.obj
 0002:000014b0       $unwind$__scrt_fastfail    000000018000d4b0     MSVCRT:utility_desktop.obj
 0002:000014c0       $unwind$__scrt_unhandled_exception_filter 000000018000d4c0     MSVCRT:utility_desktop.obj
 0002:000014c8       $unwind$_RTC_Initialize    000000018000d4c8     MSVCRT:_initsect_.obj
 0002:000014d8       $unwind$_RTC_Terminate     000000018000d4d8     MSVCRT:_initsect_.obj
 0002:000014e8       $unwind$__isa_available_init 000000018000d4e8     MSVCRT:_cpu_disp_.obj
 0002:000014f8       $xdatasym                  000000018000d4f8     MSVCRT:_guard_dispatch_.obj
 0002:00001500       .edata                     000000018000d500     OL_Step_Resp_Arduino_cgxe.exp
 0002:00001528       rgpv                       000000018000d528     OL_Step_Resp_Arduino_cgxe.exp
[...]
 0003:0000186a       $SG12666                   000000018001086a     m_ePayuoj95JiWdmGoyRgl3F.obj
 0003:0000186b       $SG12667                   000000018001086b     m_ePayuoj95JiWdmGoyRgl3F.obj
 0003:0000186c       $SG12669                   000000018001086c     m_ePayuoj95JiWdmGoyRgl3F.obj
 0003:0000186d       $SG12670                   000000018001086d     m_ePayuoj95JiWdmGoyRgl3F.obj
 0003:00001870       eml_mx                     0000000180010870     m_ePayuoj95JiWdmGoyRgl3F.obj
 0003:00001878       b_eml_mx                   0000000180010878     m_ePayuoj95JiWdmGoyRgl3F.obj
 0003:00001880       $SG14377                   0000000180010880     OL_Step_Resp_Arduino_cgxe_registry.obj
 0003:00001890       ?errmsg@?O@??ssWriteRTWWorkVect@@9@9 0000000180010890     OL_Step_Resp_Arduino_cgxe_registry.obj
 0003:00001960       GS_ExceptionRecord         0000000180010960     MSVCRT:gs_report.obj
 0003:00001a00       GS_ContextRecord           0000000180010a00     MSVCRT:gs_report.obj
 0003:00001ed0       ?__proc_attached@@3HA      0000000180010ed0     MSVCRT:dll_dllmain.obj
 0003:00001ee8       ?module_local_atexit_table@@3U_onexit_table_t@@A 0000000180010ee8     MSVCRT:utility.obj
 0003:00001f00       ?module_local_at_quick_exit_table@@3U_onexit_table_t@@A 0000000180010f00     MSVCRT:utility.obj
 0003:00001f18       ?is_initialized_as_dll@@3_NA 0000000180010f18     MSVCRT:utility.obj
 0004:00000000       $pdata$cgxe_OL_Step_Resp_Arduino_method_dispatcher 0000000180011000     OL_Step_Resp_Arduino_cgxe.obj
 0004:0000000c       $pdata$method_dispatcher_ePayuoj95JiWdmGoyRgl3F 000000018001100c     m_ePayuoj95JiWdmGoyRgl3F.obj
 0004:00000018       $pdata$cgxe_mdl_start      0000000180011018     m_ePayuoj95JiWdmGoyRgl3F.obj
 0004:00000024       $pdata$cgxe_mdl_initialize 0000000180011024     m_ePayuoj95JiWdmGoyRgl3F.obj
 0004:00000030       $pdata$cgxe_mdl_outputs    0000000180011030     m_ePayuoj95JiWdmGoyRgl3F.obj
 0004:0000003c       $pdata$cgxe_mdl_terminate  000000018001103c     m_ePayuoj95JiWdmGoyRgl3F.obj
 0004:00000048       $pdata$cgxe_mdl_get_sim_state 0000000180011048     m_ePayuoj95JiWdmGoyRgl3F.obj
 0004:00000054       $pdata$emlrt_marshallIn    0000000180011054     m_ePayuoj95JiWdmGoyRgl3F.obj
 0004:00000060       $pdata$b_emlrt_marshallIn  0000000180011060     m_ePayuoj95JiWdmGoyRgl3F.obj
 0004:0000006c       $pdata$c_emlrt_marshallIn  000000018001106c     m_ePayuoj95JiWdmGoyRgl3F.obj
 0004:00000078       $pdata$d_emlrt_marshallIn  0000000180011078     m_ePayuoj95JiWdmGoyRgl3F.obj
 0004:00000084       $pdata$e_emlrt_marshallIn  0000000180011084     m_ePayuoj95JiWdmGoyRgl3F.obj
 0004:00000090       $pdata$f_emlrt_marshallIn  0000000180011090     m_ePayuoj95JiWdmGoyRgl3F.obj
 0004:0000009c       $pdata$g_emlrt_marshallIn  000000018001109c     m_ePayuoj95JiWdmGoyRgl3F.obj
 0004:000000a8       $pdata$cgxe_mdl_set_sim_state 00000001800110a8     m_ePayuoj95JiWdmGoyRgl3F.obj
 0004:000000b4       $pdata$error               00000001800110b4     m_ePayuoj95JiWdmGoyRgl3F.obj
 0004:000000c0       $pdata$message             00000001800110c0     m_ePayuoj95JiWdmGoyRgl3F.obj
 0004:000000cc       $pdata$h_emlrt_marshallIn  00000001800110cc     m_ePayuoj95JiWdmGoyRgl3F.obj
 0004:000000d8       $pdata$i_emlrt_marshallIn  00000001800110d8     m_ePayuoj95JiWdmGoyRgl3F.obj
 0004:000000e4       $pdata$j_emlrt_marshallIn  00000001800110e4     m_ePayuoj95JiWdmGoyRgl3F.obj
 0004:000000f0       $pdata$init_simulink_io_address 00000001800110f0     m_ePayuoj95JiWdmGoyRgl3F.obj
 0004:000000fc       $pdata$mdlOutputs_ePayuoj95JiWdmGoyRgl3F 00000001800110fc     m_ePayuoj95JiWdmGoyRgl3F.obj
 0004:00000108       $pdata$mdlInitialize_ePayuoj95JiWdmGoyRgl3F 0000000180011108     m_ePayuoj95JiWdmGoyRgl3F.obj
 0004:00000114       $pdata$mdlUpdate_ePayuoj95JiWdmGoyRgl3F 0000000180011114     m_ePayuoj95JiWdmGoyRgl3F.obj
 0004:00000120       $pdata$getSimState_ePayuoj95JiWdmGoyRgl3F 0000000180011120     m_ePayuoj95JiWdmGoyRgl3F.obj
 0004:0000012c       $pdata$setSimState_ePayuoj95JiWdmGoyRgl3F 000000018001112c     m_ePayuoj95JiWdmGoyRgl3F.obj
 0004:00000138       $pdata$mdlTerminate_ePayuoj95JiWdmGoyRgl3F 0000000180011138     m_ePayuoj95JiWdmGoyRgl3F.obj
 0004:00000144       $pdata$mdlStart_ePayuoj95JiWdmGoyRgl3F 0000000180011144     m_ePayuoj95JiWdmGoyRgl3F.obj
 0004:00000150       $pdata$cgxe_ePayuoj95JiWdmGoyRgl3F_BuildInfoUpdate 0000000180011150     m_ePayuoj95JiWdmGoyRgl3F.obj
 0004:0000015c       $pdata$cgxe_ePayuoj95JiWdmGoyRgl3F_fallback_info 000000018001115c     m_ePayuoj95JiWdmGoyRgl3F.obj
 0004:00000168       $pdata$mexFunction         0000000180011168     OL_Step_Resp_Arduino_cgxe_registry.obj
 0004:00000174       $pdata$_ssSetInputPortDirectFeedThroughFcn 0000000180011174     OL_Step_Resp_Arduino_cgxe_registry.obj
 0004:00000180       $pdata$_ssGetInputPortSignalPtrsFcn 0000000180011180     OL_Step_Resp_Arduino_cgxe_registry.obj
 0004:0000018c       $pdata$_ssGetInputPortSignalFcn 000000018001118c     OL_Step_Resp_Arduino_cgxe_registry.obj
 0004:00000198       $pdata$_ssSetInputPortReusableFcn 0000000180011198     OL_Step_Resp_Arduino_cgxe_registry.obj
 0004:000001a4       $pdata$_ssSetOutputPortReusableFcn 00000001800111a4     OL_Step_Resp_Arduino_cgxe_registry.obj
 0004:000001b0       $pdata$_ssSetSymbolicDimsSupport 00000001800111b0     OL_Step_Resp_Arduino_cgxe_registry.obj
 0004:000001bc       $pdata$_ssRegisterSymbolicDimsExpr 00000001800111bc     OL_Step_Resp_Arduino_cgxe_registry.obj
 0004:000001c8       $pdata$_ssRegisterSymbolicDims 00000001800111c8     OL_Step_Resp_Arduino_cgxe_registry.obj
 0004:000001d4       $pdata$_ssRegisterSymbolicDimsString 00000001800111d4     OL_Step_Resp_Arduino_cgxe_registry.obj
 0004:000001e0       $pdata$_ssRegisterSymbolicDimsIntValue 00000001800111e0     OL_Step_Resp_Arduino_cgxe_registry.obj
 0004:000001ec       $pdata$_ssRegisterSymbolicDimsPlus 00000001800111ec     OL_Step_Resp_Arduino_cgxe_registry.obj
 0004:000001f8       $pdata$_ssRegisterSymbolicDimsMinus 00000001800111f8     OL_Step_Resp_Arduino_cgxe_registry.obj
 0004:00000204       $pdata$_ssRegisterSymbolicDimsMultiply 0000000180011204     OL_Step_Resp_Arduino_cgxe_registry.obj
 0004:00000210       $pdata$_ssRegisterSymbolicDimsDivide 0000000180011210     OL_Step_Resp_Arduino_cgxe_registry.obj
 0004:0000021c       $pdata$_ssGetNumSymbolicDims 000000018001121c     OL_Step_Resp_Arduino_cgxe_registry.obj
 0004:00000228       $pdata$_ssGetSymbolicDim   0000000180011228     OL_Step_Resp_Arduino_cgxe_registry.obj
 0004:00000234       $pdata$_ssSetInputPortSymbolicDimsId 0000000180011234     OL_Step_Resp_Arduino_cgxe_registry.obj
 0004:00000240       $pdata$_ssGetCompInputPortSymbolicDimsId 0000000180011240     OL_Step_Resp_Arduino_cgxe_registry.obj
 0004:0000024c       $pdata$_ssSetCompInputPortSymbolicDimsId 000000018001124c     OL_Step_Resp_Arduino_cgxe_registry.obj
 0004:00000258       $pdata$_ssSetOutputPortSymbolicDimsId 0000000180011258     OL_Step_Resp_Arduino_cgxe_registry.obj
 0004:00000264       $pdata$_ssGetCompOutputPortSymbolicDimsId 0000000180011264     OL_Step_Resp_Arduino_cgxe_registry.obj
 0004:00000270       $pdata$_ssSetCompOutputPortSymbolicDimsId 0000000180011270     OL_Step_Resp_Arduino_cgxe_registry.obj
 0004:0000027c       $pdata$_ssSetCompDWorkSymbolicDimsId 000000018001127c     OL_Step_Resp_Arduino_cgxe_registry.obj
 0004:00000288       $pdata$ssGetIsZeroCrossControlDisabled 0000000180011288     OL_Step_Resp_Arduino_cgxe_registry.obj
 0004:00000294       $pdata$ssSetIsInputPortUsedForContZcSignal 0000000180011294     OL_Step_Resp_Arduino_cgxe_registry.obj
 0004:000002a0       $pdata$ssSetZcSignalIsZcElementDisc 00000001800112a0     OL_Step_Resp_Arduino_cgxe_registry.obj
 0004:000002ac       $pdata$ssSetZcSignalName   00000001800112ac     OL_Step_Resp_Arduino_cgxe_registry.obj
 0004:000002b8       $pdata$ssSetZcSignalWidth  00000001800112b8     OL_Step_Resp_Arduino_cgxe_registry.obj
 0004:000002c4       $pdata$ssSetZcSignalZcEventType 00000001800112c4     OL_Step_Resp_Arduino_cgxe_registry.obj
 0004:000002d0       $pdata$ssSetZcSignalType   00000001800112d0     OL_Step_Resp_Arduino_cgxe_registry.obj
 0004:000002dc       $pdata$ssSetZcSignalZcTol  00000001800112dc     OL_Step_Resp_Arduino_cgxe_registry.obj
 0004:000002e8       $pdata$ssSetZcSignalNeedsEventNotification 00000001800112e8     OL_Step_Resp_Arduino_cgxe_registry.obj
 0004:000002f4       $pdata$ssCreateAndAddZcSignalInfo 00000001800112f4     OL_Step_Resp_Arduino_cgxe_registry.obj
 0004:00000300       $pdata$ssCloneAndAddZcSignalInfo 0000000180011300     OL_Step_Resp_Arduino_cgxe_registry.obj
 0004:0000030c       $pdata$ssGetNumZcSignals   000000018001130c     OL_Step_Resp_Arduino_cgxe_registry.obj
 0004:00000318       $pdata$ssGetZcSignalVector 0000000180011318     OL_Step_Resp_Arduino_cgxe_registry.obj
 0004:00000324       $pdata$ssGetZcSignalName   0000000180011324     OL_Step_Resp_Arduino_cgxe_registry.obj
 0004:00000330       $pdata$ssGetZcSignalWidth  0000000180011330     OL_Step_Resp_Arduino_cgxe_registry.obj
 0004:0000033c       $pdata$ssGetZcSignalZcEventType 000000018001133c     OL_Step_Resp_Arduino_cgxe_registry.obj
 0004:00000348       $pdata$ssGetZcSignalZcEvents 0000000180011348     OL_Step_Resp_Arduino_cgxe_registry.obj
 0004:00000354       $pdata$ssGetZcSignalType   0000000180011354     OL_Step_Resp_Arduino_cgxe_registry.obj
 0004:00000360       $pdata$ssGetZcSignalZcTol  0000000180011360     OL_Step_Resp_Arduino_cgxe_registry.obj
 0004:0000036c       $pdata$ssGetZcSignalNeedsEventNotification 000000018001136c     OL_Step_Resp_Arduino_cgxe_registry.obj
 0004:00000378       $pdata$ssGetZcSignalIsZcElementDisc 0000000180011378     OL_Step_Resp_Arduino_cgxe_registry.obj
 0004:00000384       $pdata$ssGetIsInputPortElementContinuous 0000000180011384     OL_Step_Resp_Arduino_cgxe_registry.obj
 0004:00000390       $pdata$ssGetDTypeIdFromMxArray 0000000180011390     OL_Step_Resp_Arduino_cgxe_registry.obj
 0004:0000039c       $pdata$ssWriteRTWStr       000000018001139c     OL_Step_Resp_Arduino_cgxe_registry.obj
 0004:000003a8       $pdata$ssWriteRTWNameValuePair 00000001800113a8     OL_Step_Resp_Arduino_cgxe_registry.obj
 0004:000003b4       $pdata$ssWriteRTWParamSettings 00000001800113b4     OL_Step_Resp_Arduino_cgxe_registry.obj
 0004:000003c0       $pdata$ssWriteRTWParameters 00000001800113c0     OL_Step_Resp_Arduino_cgxe_registry.obj
 0004:000003cc       $pdata$ssWriteRTWWorkVect  00000001800113cc     OL_Step_Resp_Arduino_cgxe_registry.obj
 0004:000003d8       $pdata$ssWriteRTWMxVectParam 00000001800113d8     OL_Step_Resp_Arduino_cgxe_registry.obj
 0004:000003e4       $pdata$ssWriteRTWMx2dMatParam 00000001800113e4     OL_Step_Resp_Arduino_cgxe_registry.obj
 0004:000003f0       $pdata$_ssSetInputPortMatrixDimensions 00000001800113f0     OL_Step_Resp_Arduino_cgxe_registry.obj
 0004:000003fc       $pdata$_ssSetOutputPortMatrixDimensions 00000001800113fc     OL_Step_Resp_Arduino_cgxe_registry.obj
 0004:00000408       $pdata$_ssSetInputPortVectorDimension 0000000180011408     OL_Step_Resp_Arduino_cgxe_registry.obj
 0004:00000414       $pdata$_ssSetOutputPortVectorDimension 0000000180011414     OL_Step_Resp_Arduino_cgxe_registry.obj
 0004:00000420       $pdata$ssIsRunTimeParamTunable 0000000180011420     OL_Step_Resp_Arduino_cgxe_registry.obj
 0004:0000042c       $pdata$ssGetSFuncBlockHandle 000000018001142c     OL_Step_Resp_Arduino_cgxe_registry.obj
 0004:00000438       $pdata$_ssGetCurrentInputPortWidth 0000000180011438     OL_Step_Resp_Arduino_cgxe_registry.obj
 0004:00000444       $pdata$_ssGetCurrentOutputPortWidth 0000000180011444     OL_Step_Resp_Arduino_cgxe_registry.obj
 0004:00000450       $pdata$_ssGetCallSystemNumFcnCallDestinations 0000000180011450     OL_Step_Resp_Arduino_cgxe_registry.obj
 0004:0000045c       $pdata$ssGetParameterTuningCompliance 000000018001145c     OL_Step_Resp_Arduino_cgxe_registry.obj
 0004:00000468       $pdata$ssWarning           0000000180011468     OL_Step_Resp_Arduino_cgxe_registry.obj
 0004:00000474       $pdata$_ssGetAbsTol        0000000180011474     OL_Step_Resp_Arduino_cgxe_registry.obj
 0004:00000480       $pdata$mdlStart            0000000180011480     OL_Step_Resp_Arduino_cgxe_registry.obj
 0004:0000048c       $pdata$mdlInitializeConditions 000000018001148c     OL_Step_Resp_Arduino_cgxe_registry.obj
 0004:00000498       $pdata$mdlUpdate           0000000180011498     OL_Step_Resp_Arduino_cgxe_registry.obj
 0004:000004a4       $pdata$mdlOutputs          00000001800114a4     OL_Step_Resp_Arduino_cgxe_registry.obj
 0004:000004b0       $pdata$mdlTerminate        00000001800114b0     OL_Step_Resp_Arduino_cgxe_registry.obj
 0004:000004bc       $pdata$cgxe_get_supported_modules 00000001800114bc     OL_Step_Resp_Arduino_cgxe_registry.obj
 0004:000004c8       $pdata$cgxe_process_get_checksums 00000001800114c8     OL_Step_Resp_Arduino_cgxe_registry.obj
 0004:000004d4       $pdata$cgxe_mex_unlock_call 00000001800114d4     OL_Step_Resp_Arduino_cgxe_registry.obj
 0004:000004e0       $pdata$cgxe_unpack_simstruct 00000001800114e0     OL_Step_Resp_Arduino_cgxe_registry.obj
 0004:000004ec       $pdata$cgxe_get_sim_state  00000001800114ec     OL_Step_Resp_Arduino_cgxe_registry.obj
 0004:000004f8       $pdata$cgxe_set_sim_state  00000001800114f8     OL_Step_Resp_Arduino_cgxe_registry.obj
 0004:00000504       $pdata$cgxe_get_BuildInfoUpdate 0000000180011504     OL_Step_Resp_Arduino_cgxe_registry.obj
 0004:00000510       $pdata$cgxe_get_fallback_info 0000000180011510     OL_Step_Resp_Arduino_cgxe_registry.obj
 0004:0000051c       $pdata$ProcessMexSfunctionCmdLineCall 000000018001151c     OL_Step_Resp_Arduino_cgxe_registry.obj
 0004:00000528       $pdata$_RegNumInputPortsCB 0000000180011528     OL_Step_Resp_Arduino_cgxe_registry.obj
 0004:00000534       $pdata$_RegNumOutputPortsCB 0000000180011534     OL_Step_Resp_Arduino_cgxe_registry.obj
 0004:00000540       $pdata$_CreateSimStruct    0000000180011540     OL_Step_Resp_Arduino_cgxe_registry.obj
 0004:0000054c       $pdata$_ssFatalError       000000018001154c     OL_Step_Resp_Arduino_cgxe_registry.obj
 0004:00000558       $pdata$_ProcessMexSfunctionCmdLineCall 0000000180011558     OL_Step_Resp_Arduino_cgxe_registry.obj
 0004:00000564       $pdata$_vsnprintf_l        0000000180011564     OL_Step_Resp_Arduino_cgxe_registry.obj
 0004:00000570       $pdata$_vsprintf_l         0000000180011570     OL_Step_Resp_Arduino_cgxe_registry.obj
 0004:0000057c       $pdata$sprintf             000000018001157c     OL_Step_Resp_Arduino_cgxe_registry.obj
 0004:00000588       $pdata$__GSHandlerCheck    0000000180011588     MSVCRT:_gshandler_.obj
 0004:00000594       $pdata$__GSHandlerCheckCommon 0000000180011594     MSVCRT:_gshandler_.obj
 0004:000005ac       $pdata$__raise_securityfailure 00000001800115ac     MSVCRT:gs_report.obj
 0004:000005b8       $pdata$__report_gsfailure  00000001800115b8     MSVCRT:gs_report.obj
 0004:000005c4       $pdata$__report_rangecheckfailure 00000001800115c4     MSVCRT:gs_report.obj
 0004:000005d0       $pdata$__report_securityfailure 00000001800115d0     MSVCRT:gs_report.obj
 0004:000005dc       $pdata$__report_securityfailureEx 00000001800115dc     MSVCRT:gs_report.obj
 0004:000005e8       $pdata$capture_current_context 00000001800115e8     MSVCRT:gs_report.obj
 0004:000005f4       $pdata$capture_previous_context 00000001800115f4     MSVCRT:gs_report.obj
 0004:00000600       $pdata$?dllmain_crt_dispatch@@YAHQEAUHINSTANCE__@@KQEAX@Z 0000000180011600     MSVCRT:dll_dllmain.obj
 0004:0000060c       $pdata$?dllmain_crt_process_attach@@YAHQEAUHINSTANCE__@@QEAX@Z 000000018001160c     MSVCRT:dll_dllmain.obj
 0004:00000618       $pdata$?dllmain_crt_process_detach@@YAH_N@Z 0000000180011618     MSVCRT:dll_dllmain.obj
 0004:00000624       $pdata$?dllmain_dispatch@@YAHQEAUHINSTANCE__@@KQEAX@Z 0000000180011624     MSVCRT:dll_dllmain.obj
 0004:00000630       $pdata$?dllmain_raw@@YAHQEAUHINSTANCE__@@KQEAX@Z 0000000180011630     MSVCRT:dll_dllmain.obj
 0004:0000063c       $pdata$_DllMainCRTStartup  000000018001163c     MSVCRT:dll_dllmain.obj
 0004:00000648       $pdata$?configure_argv@__scrt_narrow_argv_policy@@SAHXZ 0000000180011648     MSVCRT:utility.obj
 0004:00000654       $pdata$__scrt_acquire_startup_lock 0000000180011654     MSVCRT:utility.obj
 0004:00000660       $pdata$__scrt_dllmain_after_initialize_c 0000000180011660     MSVCRT:utility.obj
 0004:0000066c       $pdata$__scrt_dllmain_before_initialize_c 000000018001166c     MSVCRT:utility.obj
 0004:00000678       $pdata$__scrt_dllmain_crt_thread_attach 0000000180011678     MSVCRT:utility.obj
 0004:00000684       $pdata$__scrt_dllmain_crt_thread_detach 0000000180011684     MSVCRT:utility.obj
 0004:00000690       $pdata$__scrt_dllmain_exception_filter 0000000180011690     MSVCRT:utility.obj
 0004:0000069c       $pdata$__scrt_dllmain_uninitialize_c 000000018001169c     MSVCRT:utility.obj
 0004:000006a8       $pdata$__scrt_dllmain_uninitialize_critical 00000001800116a8     MSVCRT:utility.obj
 0004:000006b4       $pdata$__scrt_initialize_crt 00000001800116b4     MSVCRT:utility.obj
 0004:000006c0       $pdata$__scrt_initialize_onexit_tables 00000001800116c0     MSVCRT:utility.obj
 0004:000006cc       $pdata$__scrt_is_nonwritable_in_current_image 00000001800116cc     MSVCRT:utility.obj
 0004:000006d8       $pdata$__scrt_release_startup_lock 00000001800116d8     MSVCRT:utility.obj
 0004:000006e4       $pdata$__scrt_uninitialize_crt 00000001800116e4     MSVCRT:utility.obj
 0004:000006f0       $pdata$_onexit             00000001800116f0     MSVCRT:utility.obj
 0004:000006fc       $pdata$atexit              00000001800116fc     MSVCRT:utility.obj
 0004:00000708       $pdata$__security_init_cookie 0000000180011708     MSVCRT:gs_support.obj
 0004:00000714       $pdata$DllMain             0000000180011714     MSVCRT:dll_dllmain_stub.obj
 0004:00000720       $pdata$__scrt_initialize_default_local_stdio_options 0000000180011720     MSVCRT:default_local_stdio_options.obj
 0004:0000072c       $pdata$__scrt_fastfail     000000018001172c     MSVCRT:utility_desktop.obj
 0004:00000738       $pdata$__scrt_get_show_window_mode 0000000180011738     MSVCRT:utility_desktop.obj
 0004:00000744       $pdata$__scrt_is_managed_app 0000000180011744     MSVCRT:utility_desktop.obj
 0004:00000750       $pdata$__scrt_unhandled_exception_filter 0000000180011750     MSVCRT:utility_desktop.obj
 0004:0000075c       $pdata$_RTC_Initialize     000000018001175c     MSVCRT:_initsect_.obj
 0004:00000768       $pdata$_RTC_Terminate      0000000180011768     MSVCRT:_initsect_.obj
 0004:00000774       $pdata$__isa_available_init 0000000180011774     MSVCRT:_cpu_disp_.obj
 0004:0000078c       $pdata$?fin$0@?0??dllmain_crt_process_attach@@YAHQEAUHINSTANCE__@@QEAX@Z@4HA 000000018001178c     MSVCRT:dll_dllmain.obj
 0004:00000798       $pdata$?fin$0@?0??dllmain_crt_process_detach@@YAH_N@Z@4HA 0000000180011798     MSVCRT:dll_dllmain.obj
 0004:000007a4       $pdata$?filt$0@?0??dllmain_dispatch@@YAHQEAUHINSTANCE__@@KQEAX@Z@4HA 00000001800117a4     MSVCRT:dll_dllmain.obj
 0004:000007b0       $pdata$__scrt_is_nonwritable_in_current_image$filt$0 00000001800117b0     MSVCRT:utility.obj
 0005:00000000       __guard_fids_?dllmain_crt_process_attach@@YAHQEAUHINSTANCE__@@QEAX@Z 0000000180012000     MSVCRT:dll_dllmain.obj
 0005:00000008       __guard_fids_?dllmain_dispatch@@YAHQEAUHINSTANCE__@@KQEAX@Z 0000000180012008     MSVCRT:dll_dllmain.obj
 0005:0000000c       __guard_fids___scrt_set_unhandled_exception_filter 000000018001200c     MSVCRT:utility_desktop.obj
 0005:00000010       __guard_fids__             0000000180012010     MSVCRT:guard_support.obj
 0005:00000014       __guard_fids__guard_icall_checks_enforced 0000000180012014     MSVCRT:guard_support.obj
